Component: ARM Compiler 5.06 update 6 (build 750) Tool: armlink [4d35ed]

==============================================================================

Section Cross References

    main.o(.text) refers to ff.o(.text) for f_opendir
    main.o(.text) refers to malloc.o(.text) for mymalloc
    main.o(.text) refers to exfuns.o(.text) for f_typetell
    main.o(.text) refers to lcd.o(.text) for LCD_Clear
    main.o(.text) refers to piclib.o(.text) for ai_load_picfile
    main.o(.text) refers to text.o(.text) for Show_Str
    main.o(.text) refers to lcd.o(.data) for POINT_COLOR
    main.o(.text) refers to rtc.o(.bss) for calendar
    main.o(.text) refers to touch.o(.data) for tp_dev
    main.o(.text) refers to lcd.o(.bss) for lcddev
    main.o(.text) refers to key.o(.text) for KEY_Scan
    main.o(.text) refers to delay.o(.text) for delay_ms
    main.o(.text) refers to main.o(.data) for num2
    main.o(.text) refers to sim900a.o(.text) for gsm_borrow_Recall
    main.o(.text) refers to rc522.o(.text) for PcdRequest
    main.o(.text) refers to jidianqi.o(.text) for jidian_p
    main.o(.text) refers to sys.o(.text) for NVIC_Configuration
    main.o(.text) refers to usart.o(.text) for Usart1_Init
    main.o(.text) refers to led.o(.text) for LED_Init
    main.o(.text) refers to rtc.o(.text) for RTC_Init
    main.o(.text) refers to beep.o(.text) for BEEP_Init
    main.o(.text) refers to timer.o(.text) for TIM2_Base_Init
    main.o(.text) refers to stm32f10x_tim.o(.text) for TIM_SetCompare1
    main.o(.text) refers to fontupd.o(.text) for font_init
    main.o(.text) refers to timer.o(.data) for gl_time
    main.o(.text) refers to exfuns.o(.data) for fs
    system_stm32f10x.o(.text) refers to system_stm32f10x.o(.data) for SystemCoreClock
    led.o(.text) refers to stm32f10x_rcc.o(.text) for RCC_APB2PeriphClockCmd
    led.o(.text) refers to stm32f10x_gpio.o(.text) for GPIO_Init
    key.o(.text) refers to stm32f10x_rcc.o(.text) for RCC_APB2PeriphClockCmd
    key.o(.text) refers to stm32f10x_gpio.o(.text) for GPIO_Init
    key.o(.text) refers to delay.o(.text) for delay_ms
    key.o(.text) refers to key.o(.data) for key_up
    lcd.o(.text) refers to _printf_percent.o(.ARM.Collect$$_printf_percent$$00000000) for _printf_percent
    lcd.o(.text) refers to _printf_x.o(.ARM.Collect$$_printf_percent$$0000000C) for _printf_x
    lcd.o(.text) refers to _printf_hex_int_ll_ptr.o(.text) for _printf_longlong_hex
    lcd.o(.text) refers to delay.o(.text) for delay_us
    lcd.o(.text) refers to lcd.o(.bss) for lcddev
    lcd.o(.text) refers to lcd.o(.data) for POINT_COLOR
    lcd.o(.text) refers to stm32f10x_rcc.o(.text) for RCC_AHBPeriphClockCmd
    lcd.o(.text) refers to stm32f10x_gpio.o(.text) for GPIO_Init
    lcd.o(.text) refers to stm32f10x_fsmc.o(.text) for FSMC_NORSRAMInit
    lcd.o(.text) refers to __2printf.o(.text) for __2printf
    lcd.o(.text) refers to lcd.o(.constdata) for asc2_1206
    spi.o(.text) refers to stm32f10x_spi.o(.text) for SPI_I2S_GetFlagStatus
    spi.o(.text) refers to stm32f10x_rcc.o(.text) for RCC_APB2PeriphClockCmd
    spi.o(.text) refers to stm32f10x_gpio.o(.text) for GPIO_Init
    flash.o(.text) refers to spi.o(.text) for SPI2_ReadWriteByte
    flash.o(.text) refers to stm32f10x_rcc.o(.text) for RCC_APB2PeriphClockCmd
    flash.o(.text) refers to stm32f10x_gpio.o(.text) for GPIO_Init
    flash.o(.text) refers to delay.o(.text) for delay_us
    flash.o(.text) refers to flash.o(.data) for SPI_FLASH_TYPE
    flash.o(.text) refers to flash.o(.bss) for SPI_FLASH_BUF
    sram.o(.text) refers to stm32f10x_rcc.o(.text) for RCC_APB2PeriphClockCmd
    sram.o(.text) refers to stm32f10x_gpio.o(.text) for GPIO_Init
    sram.o(.text) refers to stm32f10x_fsmc.o(.text) for FSMC_NORSRAMInit
    mmc_sd.o(.text) refers to spi.o(.text) for SPI2_ReadWriteByte
    mmc_sd.o(.text) refers to stm32f10x_rcc.o(.text) for RCC_APB2PeriphClockCmd
    mmc_sd.o(.text) refers to stm32f10x_gpio.o(.text) for GPIO_Init
    mmc_sd.o(.text) refers to mmc_sd.o(.data) for SD_Type
    rtc.o(.text) refers to misc.o(.text) for NVIC_Init
    rtc.o(.text) refers to stm32f10x_rtc.o(.text) for RTC_GetCounter
    rtc.o(.text) refers to stm32f10x_rcc.o(.text) for RCC_APB1PeriphClockCmd
    rtc.o(.text) refers to stm32f10x_pwr.o(.text) for PWR_BackupAccessCmd
    rtc.o(.text) refers to stm32f10x_bkp.o(.text) for BKP_ReadBackupRegister
    rtc.o(.text) refers to delay.o(.text) for delay_ms
    rtc.o(.text) refers to rtc.o(.constdata) for table_week
    rtc.o(.text) refers to rtc.o(.data) for daycnt
    rtc.o(.text) refers to rtc.o(.bss) for calendar
    beep.o(.text) refers to stm32f10x_rcc.o(.text) for RCC_APB2PeriphClockCmd
    beep.o(.text) refers to stm32f10x_gpio.o(.text) for GPIO_Init
    24cxx.o(.text) refers to myiic.o(.text) for IIC_Init
    24cxx.o(.text) refers to delay.o(.text) for delay_ms
    myiic.o(.text) refers to stm32f10x_rcc.o(.text) for RCC_APB2PeriphClockCmd
    myiic.o(.text) refers to stm32f10x_gpio.o(.text) for GPIO_Init
[...]
    FSMC_ITConfig                            0x0800ab5f   Thumb Code   128  stm32f10x_fsmc.o(.text)
    FSMC_GetFlagStatus                       0x0800abdf   Thumb Code    54  stm32f10x_fsmc.o(.text)
    FSMC_ClearFlag                           0x0800ac15   Thumb Code    62  stm32f10x_fsmc.o(.text)
    FSMC_GetITStatus                         0x0800ac53   Thumb Code    64  stm32f10x_fsmc.o(.text)
    FSMC_ClearITPendingBit                   0x0800ac93   Thumb Code    68  stm32f10x_fsmc.o(.text)
    GPIO_DeInit                              0x0800ace1   Thumb Code   172  stm32f10x_gpio.o(.text)
    GPIO_AFIODeInit                          0x0800ad8d   Thumb Code    20  stm32f10x_gpio.o(.text)
    GPIO_Init                                0x0800ada1   Thumb Code   278  stm32f10x_gpio.o(.text)
    GPIO_StructInit                          0x0800aeb7   Thumb Code    16  stm32f10x_gpio.o(.text)
    GPIO_ReadInputDataBit                    0x0800aec7   Thumb Code    18  stm32f10x_gpio.o(.text)
    GPIO_ReadInputData                       0x0800aed9   Thumb Code     8  stm32f10x_gpio.o(.text)
    GPIO_ReadOutputDataBit                   0x0800aee1   Thumb Code    18  stm32f10x_gpio.o(.text)
    GPIO_ReadOutputData                      0x0800aef3   Thumb Code     8  stm32f10x_gpio.o(.text)
    GPIO_SetBits                             0x0800aefb   Thumb Code     4  stm32f10x_gpio.o(.text)
    GPIO_ResetBits                           0x0800aeff   Thumb Code     4  stm32f10x_gpio.o(.text)
    GPIO_WriteBit                            0x0800af03   Thumb Code    10  stm32f10x_gpio.o(.text)
    GPIO_Write                               0x0800af0d   Thumb Code     4  stm32f10x_gpio.o(.text)
    GPIO_PinLockConfig                       0x0800af11   Thumb Code    18  stm32f10x_gpio.o(.text)
    GPIO_EventOutputConfig                   0x0800af23   Thumb Code    26  stm32f10x_gpio.o(.text)
    GPIO_EventOutputCmd                      0x0800af3d   Thumb Code     6  stm32f10x_gpio.o(.text)
    GPIO_PinRemapConfig                      0x0800af43   Thumb Code   138  stm32f10x_gpio.o(.text)
    GPIO_EXTILineConfig                      0x0800afcd   Thumb Code    66  stm32f10x_gpio.o(.text)
    GPIO_ETH_MediaInterfaceConfig            0x0800b00f   Thumb Code     8  stm32f10x_gpio.o(.text)
    RCC_DeInit                               0x0800b03d   Thumb Code    64  stm32f10x_rcc.o(.text)
    RCC_HSEConfig                            0x0800b07d   Thumb Code    70  stm32f10x_rcc.o(.text)
    RCC_GetFlagStatus                        0x0800b0c3   Thumb Code    56  stm32f10x_rcc.o(.text)
    RCC_WaitForHSEStartUp                    0x0800b0fb   Thumb Code    56  stm32f10x_rcc.o(.text)
    RCC_AdjustHSICalibrationValue            0x0800b133   Thumb Code    20  stm32f10x_rcc.o(.text)
    RCC_HSICmd                               0x0800b147   Thumb Code     6  stm32f10x_rcc.o(.text)
    RCC_PLLConfig                            0x0800b14d   Thumb Code    24  stm32f10x_rcc.o(.text)
    RCC_PLLCmd                               0x0800b165   Thumb Code     6  stm32f10x_rcc.o(.text)
    RCC_SYSCLKConfig                         0x0800b16b   Thumb Code    18  stm32f10x_rcc.o(.text)
    RCC_GetSYSCLKSource                      0x0800b17d   Thumb Code    10  stm32f10x_rcc.o(.text)
    RCC_HCLKConfig                           0x0800b187   Thumb Code    18  stm32f10x_rcc.o(.text)
    RCC_PCLK1Config                          0x0800b199   Thumb Code    18  stm32f10x_rcc.o(.text)
    RCC_PCLK2Config                          0x0800b1ab   Thumb Code    20  stm32f10x_rcc.o(.text)
    RCC_ITConfig                             0x0800b1bf   Thumb Code    26  stm32f10x_rcc.o(.text)
    RCC_USBCLKConfig                         0x0800b1d9   Thumb Code     8  stm32f10x_rcc.o(.text)
    RCC_ADCCLKConfig                         0x0800b1e1   Thumb Code    18  stm32f10x_rcc.o(.text)
    RCC_LSEConfig                            0x0800b1f3   Thumb Code    50  stm32f10x_rcc.o(.text)
    RCC_LSICmd                               0x0800b225   Thumb Code     6  stm32f10x_rcc.o(.text)
    RCC_RTCCLKConfig                         0x0800b22b   Thumb Code    12  stm32f10x_rcc.o(.text)
    RCC_RTCCLKCmd                            0x0800b237   Thumb Code     8  stm32f10x_rcc.o(.text)
    RCC_GetClocksFreq                        0x0800b23f   Thumb Code   192  stm32f10x_rcc.o(.text)
    RCC_AHBPeriphClockCmd                    0x0800b2ff   Thumb Code    26  stm32f10x_rcc.o(.text)
    RCC_APB2PeriphClockCmd                   0x0800b319   Thumb Code    26  stm32f10x_rcc.o(.text)
    RCC_APB1PeriphClockCmd                   0x0800b333   Thumb Code    26  stm32f10x_rcc.o(.text)
    RCC_APB2PeriphResetCmd                   0x0800b34d   Thumb Code    26  stm32f10x_rcc.o(.text)
    RCC_APB1PeriphResetCmd                   0x0800b367   Thumb Code    26  stm32f10x_rcc.o(.text)
    RCC_BackupResetCmd                       0x0800b381   Thumb Code     8  stm32f10x_rcc.o(.text)
    RCC_ClockSecuritySystemCmd               0x0800b389   Thumb Code     6  stm32f10x_rcc.o(.text)
    RCC_MCOConfig                            0x0800b38f   Thumb Code     6  stm32f10x_rcc.o(.text)
    RCC_ClearFlag                            0x0800b395   Thumb Code    14  stm32f10x_rcc.o(.text)
    RCC_GetITStatus                          0x0800b3a3   Thumb Code    20  stm32f10x_rcc.o(.text)
    RCC_ClearITPendingBit                    0x0800b3b7   Thumb Code     6  stm32f10x_rcc.o(.text)
    SPI_I2S_DeInit                           0x0800b3e1   Thumb Code    76  stm32f10x_spi.o(.text)
    SPI_Init                                 0x0800b42d   Thumb Code    60  stm32f10x_spi.o(.text)
    I2S_Init                                 0x0800b469   Thumb Code   226  stm32f10x_spi.o(.text)
    SPI_StructInit                           0x0800b54b   Thumb Code    24  stm32f10x_spi.o(.text)
    I2S_StructInit                           0x0800b563   Thumb Code    20  stm32f10x_spi.o(.text)
    SPI_Cmd                                  0x0800b577   Thumb Code    24  stm32f10x_spi.o(.text)
    I2S_Cmd                                  0x0800b58f   Thumb Code    24  stm32f10x_spi.o(.text)
    SPI_I2S_ITConfig                         0x0800b5a7   Thumb Code    32  stm32f10x_spi.o(.text)
    SPI_I2S_DMACmd                           0x0800b5c7   Thumb Code    18  stm32f10x_spi.o(.text)
    SPI_I2S_SendData                         0x0800b5d9   Thumb Code     4  stm32f10x_spi.o(.text)
    SPI_I2S_ReceiveData                      0x0800b5dd   Thumb Code     6  stm32f10x_spi.o(.text)
    SPI_NSSInternalSoftwareConfig            0x0800b5e3   Thumb Code    30  stm32f10x_spi.o(.text)
    SPI_SSOutputCmd                          0x0800b601   Thumb Code    24  stm32f10x_spi.o(.text)
    SPI_DataSizeConfig                       0x0800b619   Thumb Code    18  stm32f10x_spi.o(.text)
    SPI_TransmitCRC                          0x0800b62b   Thumb Code    10  stm32f10x_spi.o(.text)
    SPI_CalculateCRC                         0x0800b635   Thumb Code    24  stm32f10x_spi.o(.text)
    SPI_GetCRC                               0x0800b64d   Thumb Code    16  stm32f10x_spi.o(.text)
    SPI_GetCRCPolynomial                     0x0800b65d   Thumb Code     6  stm32f10x_spi.o(.text)
    SPI_BiDirectionalLineConfig              0x0800b663   Thumb Code    28  stm32f10x_spi.o(.text)
    SPI_I2S_GetFlagStatus                    0x0800b67f   Thumb Code    18  stm32f10x_spi.o(.text)
    SPI_I2S_ClearFlag                        0x0800b691   Thumb Code     6  stm32f10x_spi.o(.text)
    SPI_I2S_GetITStatus                      0x0800b697   Thumb Code    52  stm32f10x_spi.o(.text)
    SPI_I2S_ClearITPendingBit                0x0800b6cb   Thumb Code    20  stm32f10x_spi.o(.text)
    TIM_DeInit                               0x0800b6ed   Thumb Code   424  stm32f10x_tim.o(.text)
    TIM_TimeBaseInit                         0x0800b895   Thumb Code   122  stm32f10x_tim.o(.text)
    TIM_OC1Init                              0x0800b90f   Thumb Code   132  stm32f10x_tim.o(.text)
    TIM_OC2Init                              0x0800b993   Thumb Code   154  stm32f10x_tim.o(.text)
    TIM_OC3Init                              0x0800ba2d   Thumb Code   150  stm32f10x_tim.o(.text)
    TIM_OC4Init                              0x0800bac3   Thumb Code   182  stm32f10x_tim.o(.text)
    TIM_SetIC4Prescaler                      0x0800bb79   Thumb Code    26  stm32f10x_tim.o(.text)
    TIM_SetIC3Prescaler                      0x0800bc15   Thumb Code    18  stm32f10x_tim.o(.text)
    TIM_SetIC2Prescaler                      0x0800bca1   Thumb Code    26  stm32f10x_tim.o(.text)
    TIM_SetIC1Prescaler                      0x0800bd3d   Thumb Code    18  stm32f10x_tim.o(.text)
    TIM_ICInit                               0x0800bdbb   Thumb Code   150  stm32f10x_tim.o(.text)
    TIM_PWMIConfig                           0x0800be51   Thumb Code   124  stm32f10x_tim.o(.text)
    TIM_BDTRConfig                           0x0800becd   Thumb Code    32  stm32f10x_tim.o(.text)
    TIM_TimeBaseStructInit                   0x0800beed   Thumb Code    18  stm32f10x_tim.o(.text)
    TIM_OCStructInit                         0x0800beff   Thumb Code    20  stm32f10x_tim.o(.text)
    TIM_ICStructInit                         0x0800bf13   Thumb Code    18  stm32f10x_tim.o(.text)
    TIM_BDTRStructInit                       0x0800bf25   Thumb Code    40  stm32f10x_tim.o(.text)
    TIM_Cmd                                  0x0800bf4d   Thumb Code    24  stm32f10x_tim.o(.text)
    TIM_CtrlPWMOutputs                       0x0800bf65   Thumb Code    30  stm32f10x_tim.o(.text)
    TIM_ITConfig                             0x0800bf83   Thumb Code    18  stm32f10x_tim.o(.text)
    TIM_GenerateEvent                        0x0800bf95   Thumb Code     4  stm32f10x_tim.o(.text)
    TIM_DMAConfig                            0x0800bf99   Thumb Code    10  stm32f10x_tim.o(.text)
    TIM_DMACmd                               0x0800bfa3   Thumb Code    18  stm32f10x_tim.o(.text)
    TIM_InternalClockConfig                  0x0800bfb5   Thumb Code    12  stm32f10x_tim.o(.text)
    TIM_SelectInputTrigger                   0x0800bfc1   Thumb Code    18  stm32f10x_tim.o(.text)
    TIM_ITRxExternalClockConfig              0x0800bfd3   Thumb Code    24  stm32f10x_tim.o(.text)
    TIM_TIxExternalClockConfig               0x0800bfeb   Thumb Code    62  stm32f10x_tim.o(.text)
    TIM_ETRConfig                            0x0800c029   Thumb Code    28  stm32f10x_tim.o(.text)
    TIM_ETRClockMode1Config                  0x0800c045   Thumb Code    54  stm32f10x_tim.o(.text)
    TIM_ETRClockMode2Config                  0x0800c07b   Thumb Code    32  stm32f10x_tim.o(.text)
    TIM_PrescalerConfig                      0x0800c09b   Thumb Code     6  stm32f10x_tim.o(.text)
    TIM_CounterModeConfig                    0x0800c0a1   Thumb Code    18  stm32f10x_tim.o(.text)
    TIM_EncoderInterfaceConfig               0x0800c0b3   Thumb Code    66  stm32f10x_tim.o(.text)
    TIM_ForcedOC1Config                      0x0800c0f5   Thumb Code    18  stm32f10x_tim.o(.text)
    TIM_ForcedOC2Config                      0x0800c107   Thumb Code    26  stm32f10x_tim.o(.text)
    TIM_ForcedOC3Config                      0x0800c121   Thumb Code    18  stm32f10x_tim.o(.text)
    TIM_ForcedOC4Config                      0x0800c133   Thumb Code    26  stm32f10x_tim.o(.text)
    TIM_ARRPreloadConfig                     0x0800c14d   Thumb Code    24  stm32f10x_tim.o(.text)
    TIM_SelectCOM                            0x0800c165   Thumb Code    24  stm32f10x_tim.o(.text)
    TIM_SelectCCDMA                          0x0800c17d   Thumb Code    24  stm32f10x_tim.o(.text)
    TIM_CCPreloadControl                     0x0800c195   Thumb Code    24  stm32f10x_tim.o(.text)
    TIM_OC1PreloadConfig                     0x0800c1ad   Thumb Code    18  stm32f10x_tim.o(.text)
    TIM_OC2PreloadConfig                     0x0800c1bf   Thumb Code    26  stm32f10x_tim.o(.text)
    TIM_OC3PreloadConfig                     0x0800c1d9   Thumb Code    18  stm32f10x_tim.o(.text)
    TIM_OC4PreloadConfig                     0x0800c1eb   Thumb Code    26  stm32f10x_tim.o(.text)
    TIM_OC1FastConfig                        0x0800c205   Thumb Code    18  stm32f10x_tim.o(.text)
    TIM_OC2FastConfig                        0x0800c217   Thumb Code    26  stm32f10x_tim.o(.text)
    TIM_OC3FastConfig                        0x0800c231   Thumb Code    18  stm32f10x_tim.o(.text)
    TIM_OC4FastConfig                        0x0800c243   Thumb Code    26  stm32f10x_tim.o(.text)
    TIM_ClearOC1Ref                          0x0800c25d   Thumb Code    18  stm32f10x_tim.o(.text)
    TIM_ClearOC2Ref                          0x0800c26f   Thumb Code    24  stm32f10x_tim.o(.text)
    TIM_ClearOC3Ref                          0x0800c287   Thumb Code    18  stm32f10x_tim.o(.text)
    TIM_ClearOC4Ref                          0x0800c299   Thumb Code    24  stm32f10x_tim.o(.text)
    TIM_OC1PolarityConfig                    0x0800c2b1   Thumb Code    18  stm32f10x_tim.o(.text)
    TIM_OC1NPolarityConfig                   0x0800c2c3   Thumb Code    18  stm32f10x_tim.o(.text)
    TIM_OC2PolarityConfig                    0x0800c2d5   Thumb Code    26  stm32f10x_tim.o(.text)
    TIM_OC2NPolarityConfig                   0x0800c2ef   Thumb Code    26  stm32f10x_tim.o(.text)
    TIM_OC3PolarityConfig                    0x0800c309   Thumb Code    26  stm32f10x_tim.o(.text)
    TIM_OC3NPolarityConfig                   0x0800c323   Thumb Code    26  stm32f10x_tim.o(.text)
    TIM_OC4PolarityConfig                    0x0800c33d   Thumb Code    26  stm32f10x_tim.o(.text)
    TIM_CCxCmd                               0x0800c357   Thumb Code    30  stm32f10x_tim.o(.text)
    TIM_CCxNCmd                              0x0800c375   Thumb Code    30  stm32f10x_tim.o(.text)
    TIM_SelectOCxM                           0x0800c393   Thumb Code    82  stm32f10x_tim.o(.text)
    TIM_UpdateDisableConfig                  0x0800c3e5   Thumb Code    24  stm32f10x_tim.o(.text)
    TIM_UpdateRequestConfig                  0x0800c3fd   Thumb Code    24  stm32f10x_tim.o(.text)
    TIM_SelectHallSensor                     0x0800c415   Thumb Code    24  stm32f10x_tim.o(.text)
    TIM_SelectOnePulseMode                   0x0800c42d   Thumb Code    18  stm32f10x_tim.o(.text)
    TIM_SelectOutputTrigger                  0x0800c43f   Thumb Code    18  stm32f10x_tim.o(.text)
    TIM_SelectSlaveMode                      0x0800c451   Thumb Code    18  stm32f10x_tim.o(.text)
    TIM_SelectMasterSlaveMode                0x0800c463   Thumb Code    18  stm32f10x_tim.o(.text)
    TIM_SetCounter                           0x0800c475   Thumb Code     4  stm32f10x_tim.o(.text)
    TIM_SetAutoreload                        0x0800c479   Thumb Code     4  stm32f10x_tim.o(.text)
    TIM_SetCompare1                          0x0800c47d   Thumb Code     4  stm32f10x_tim.o(.text)
    TIM_SetCompare2                          0x0800c481   Thumb Code     4  stm32f10x_tim.o(.text)
    TIM_SetCompare3                          0x0800c485   Thumb Code     4  stm32f10x_tim.o(.text)
    TIM_SetCompare4                          0x0800c489   Thumb Code     6  stm32f10x_tim.o(.text)
    TIM_SetClockDivision                     0x0800c48f   Thumb Code    18  stm32f10x_tim.o(.text)
    TIM_GetCapture1                          0x0800c4a1   Thumb Code     6  stm32f10x_tim.o(.text)
    TIM_GetCapture2                          0x0800c4a7   Thumb Code     6  stm32f10x_tim.o(.text)
    TIM_GetCapture3                          0x0800c4ad   Thumb Code     6  stm32f10x_tim.o(.text)
    TIM_GetCapture4                          0x0800c4b3   Thumb Code     8  stm32f10x_tim.o(.text)
    TIM_GetCounter                           0x0800c4bb   Thumb Code     6  stm32f10x_tim.o(.text)
    TIM_GetPrescaler                         0x0800c4c1   Thumb Code     6  stm32f10x_tim.o(.text)
    TIM_GetFlagStatus                        0x0800c4c7   Thumb Code    18  stm32f10x_tim.o(.text)
    TIM_ClearFlag                            0x0800c4d9   Thumb Code     6  stm32f10x_tim.o(.text)
    TIM_GetITStatus                          0x0800c4df   Thumb Code    34  stm32f10x_tim.o(.text)
    TIM_ClearITPendingBit                    0x0800c501   Thumb Code     6  stm32f10x_tim.o(.text)
    USART_DeInit                             0x0800c509   Thumb Code   134  stm32f10x_usart.o(.text)
    USART_Init                               0x0800c58f   Thumb Code   210  stm32f10x_usart.o(.text)
    USART_StructInit                         0x0800c661   Thumb Code    24  stm32f10x_usart.o(.text)
    USART_ClockInit                          0x0800c679   Thumb Code    34  stm32f10x_usart.o(.text)
    USART_ClockStructInit                    0x0800c69b   Thumb Code    12  stm32f10x_usart.o(.text)
    USART_Cmd                                0x0800c6a7   Thumb Code    24  stm32f10x_usart.o(.text)
    USART_ITConfig                           0x0800c6bf   Thumb Code    74  stm32f10x_usart.o(.text)
    USART_DMACmd                             0x0800c709   Thumb Code    18  stm32f10x_usart.o(.text)
    USART_SetAddress                         0x0800c71b   Thumb Code    18  stm32f10x_usart.o(.text)
    USART_WakeUpConfig                       0x0800c72d   Thumb Code    18  stm32f10x_usart.o(.text)
    USART_ReceiverWakeUpCmd                  0x0800c73f   Thumb Code    24  stm32f10x_usart.o(.text)
    USART_LINBreakDetectLengthConfig         0x0800c757   Thumb Code    18  stm32f10x_usart.o(.text)
    USART_LINCmd                             0x0800c769   Thumb Code    24  stm32f10x_usart.o(.text)
    USART_SendData                           0x0800c781   Thumb Code     8  stm32f10x_usart.o(.text)
    USART_ReceiveData                        0x0800c789   Thumb Code    10  stm32f10x_usart.o(.text)
    USART_SendBreak                          0x0800c793   Thumb Code    10  stm32f10x_usart.o(.text)
    USART_SetGuardTime                       0x0800c79d   Thumb Code    16  stm32f10x_usart.o(.text)
    USART_SetPrescaler                       0x0800c7ad   Thumb Code    16  stm32f10x_usart.o(.text)
    USART_SmartCardCmd                       0x0800c7bd   Thumb Code    24  stm32f10x_usart.o(.text)
    USART_SmartCardNACKCmd                   0x0800c7d5   Thumb Code    24  stm32f10x_usart.o(.text)
    USART_HalfDuplexCmd                      0x0800c7ed   Thumb Code    24  stm32f10x_usart.o(.text)
    USART_OverSampling8Cmd                   0x0800c805   Thumb Code    22  stm32f10x_usart.o(.text)
    USART_OneBitMethodCmd                    0x0800c81b   Thumb Code    24  stm32f10x_usart.o(.text)
    USART_IrDAConfig                         0x0800c833   Thumb Code    18  stm32f10x_usart.o(.text)
    USART_IrDACmd                            0x0800c845   Thumb Code    24  stm32f10x_usart.o(.text)
    USART_GetFlagStatus                      0x0800c85d   Thumb Code    26  stm32f10x_usart.o(.text)
    USART_ClearFlag                          0x0800c877   Thumb Code    18  stm32f10x_usart.o(.text)
    USART_GetITStatus                        0x0800c889   Thumb Code    84  stm32f10x_usart.o(.text)
    USART_ClearITPendingBit                  0x0800c8dd   Thumb Code    52  stm32f10x_usart.o(.text)
    BKP_DeInit                               0x0800c911   Thumb Code    16  stm32f10x_bkp.o(.text)
    BKP_TamperPinLevelConfig                 0x0800c921   Thumb Code     6  stm32f10x_bkp.o(.text)
    BKP_TamperPinCmd                         0x0800c927   Thumb Code     8  stm32f10x_bkp.o(.text)
    BKP_ITConfig                             0x0800c92f   Thumb Code     8  stm32f10x_bkp.o(.text)
    BKP_RTCOutputConfig                      0x0800c937   Thumb Code    22  stm32f10x_bkp.o(.text)
    BKP_SetRTCCalibrationValue               0x0800c94d   Thumb Code    22  stm32f10x_bkp.o(.text)
    BKP_WriteBackupRegister                  0x0800c963   Thumb Code    24  stm32f10x_bkp.o(.text)
    BKP_ReadBackupRegister                   0x0800c97b   Thumb Code    26  stm32f10x_bkp.o(.text)
    BKP_GetFlagStatus                        0x0800c995   Thumb Code    10  stm32f10x_bkp.o(.text)
    BKP_ClearFlag                            0x0800c99f   Thumb Code    18  stm32f10x_bkp.o(.text)
    BKP_GetITStatus                          0x0800c9b1   Thumb Code    10  stm32f10x_bkp.o(.text)
    BKP_ClearITPendingBit                    0x0800c9bb   Thumb Code    18  stm32f10x_bkp.o(.text)
    PWR_DeInit                               0x0800c9d5   Thumb Code    22  stm32f10x_pwr.o(.text)
    PWR_BackupAccessCmd                      0x0800c9eb   Thumb Code     6  stm32f10x_pwr.o(.text)
    PWR_PVDCmd                               0x0800c9f1   Thumb Code     6  stm32f10x_pwr.o(.text)
    PWR_PVDLevelConfig                       0x0800c9f7   Thumb Code    18  stm32f10x_pwr.o(.text)
    PWR_WakeUpPinCmd                         0x0800ca09   Thumb Code     8  stm32f10x_pwr.o(.text)
    PWR_EnterSTOPMode                        0x0800ca11   Thumb Code    54  stm32f10x_pwr.o(.text)
    PWR_EnterSTANDBYMode                     0x0800ca47   Thumb Code    42  stm32f10x_pwr.o(.text)
    PWR_GetFlagStatus                        0x0800ca71   Thumb Code    20  stm32f10x_pwr.o(.text)
    PWR_ClearFlag                            0x0800ca85   Thumb Code    14  stm32f10x_pwr.o(.text)
    RTC_ITConfig                             0x0800caa1   Thumb Code    26  stm32f10x_rtc.o(.text)
    RTC_EnterConfigMode                      0x0800cabb   Thumb Code    18  stm32f10x_rtc.o(.text)
    RTC_ExitConfigMode                       0x0800cacd   Thumb Code    20  stm32f10x_rtc.o(.text)
    RTC_GetCounter                           0x0800cae1   Thumb Code    18  stm32f10x_rtc.o(.text)
    RTC_SetCounter                           0x0800caf3   Thumb Code    26  stm32f10x_rtc.o(.text)
    RTC_SetPrescaler                         0x0800cb0d   Thumb Code    28  stm32f10x_rtc.o(.text)
    RTC_SetAlarm                             0x0800cb29   Thumb Code    26  stm32f10x_rtc.o(.text)
    RTC_GetDivider                           0x0800cb43   Thumb Code    22  stm32f10x_rtc.o(.text)
    RTC_WaitForLastTask                      0x0800cb59   Thumb Code    18  stm32f10x_rtc.o(.text)
    RTC_WaitForSynchro                       0x0800cb6b   Thumb Code    36  stm32f10x_rtc.o(.text)
    RTC_GetFlagStatus                        0x0800cb8f   Thumb Code    22  stm32f10x_rtc.o(.text)
    RTC_ClearFlag                            0x0800cba5   Thumb Code    16  stm32f10x_rtc.o(.text)
    RTC_GetITStatus                          0x0800cbb5   Thumb Code    32  stm32f10x_rtc.o(.text)
    RTC_ClearITPendingBit                    0x0800cbd5   Thumb Code    16  stm32f10x_rtc.o(.text)
    mymemcpy                                 0x0800cbe9   Thumb Code    26  malloc.o(.text)
    mymemset                                 0x0800cc03   Thumb Code    20  malloc.o(.text)
    mem_init                                 0x0800cc17   Thumb Code    54  malloc.o(.text)
    mem_perused                              0x0800cc4d   Thumb Code    54  malloc.o(.text)
    mem_malloc                               0x0800cc83   Thumb Code   162  malloc.o(.text)
    mem_free                                 0x0800cd25   Thumb Code    94  malloc.o(.text)
    myfree                                   0x0800cd83   Thumb Code    32  malloc.o(.text)
    mymalloc                                 0x0800cda3   Thumb Code    36  malloc.o(.text)
    myrealloc                                0x0800cdc7   Thumb Code    68  malloc.o(.text)
    disk_initialize                          0x0800ce1d   Thumb Code    90  diskio.o(.text)
    disk_status                              0x0800ce77   Thumb Code     6  diskio.o(.text)
    disk_read                                0x0800ce7d   Thumb Code   122  diskio.o(.text)
    disk_write                               0x0800cef7   Thumb Code   102  diskio.o(.text)
    disk_ioctl                               0x0800cf5d   Thumb Code   154  diskio.o(.text)
    get_fattime                              0x0800cff7   Thumb Code     4  diskio.o(.text)
    ff_memalloc                              0x0800cffb   Thumb Code    14  diskio.o(.text)
    ff_memfree                               0x0800d009   Thumb Code    14  diskio.o(.text)
    clust2sect                               0x0800d1c9   Thumb Code    26  ff.o(.text)
    get_fat                                  0x0800d1e3   Thumb Code   228  ff.o(.text)
    put_fat                                  0x0800d2c7   Thumb Code   310  ff.o(.text)
    dir_sdi                                  0x0800d561   Thumb Code   156  ff.o(.text)
    gen_numname                              0x0800d889   Thumb Code   190  ff.o(.text)
    f_mount                                  0x0800e621   Thumb Code    38  ff.o(.text)
    f_open                                   0x0800e647   Thumb Code   396  ff.o(.text)
    f_read                                   0x0800e7d3   Thumb Code   476  ff.o(.text)
    f_write                                  0x0800e9af   Thumb Code   550  ff.o(.text)
    f_sync                                   0x0800ebd5   Thumb Code   184  ff.o(.text)
    f_close                                  0x0800ec8d   Thumb Code    22  ff.o(.text)
    f_chdrive                                0x0800eca3   Thumb Code    18  ff.o(.text)
    f_chdir                                  0x0800ecb5   Thumb Code   124  ff.o(.text)
    f_lseek                                  0x0800ed31   Thumb Code   734  ff.o(.text)
    f_opendir                                0x0800f00f   Thumb Code   142  ff.o(.text)
    f_readdir                                0x0800f09d   Thumb Code   112  ff.o(.text)
    f_stat                                   0x0800f10d   Thumb Code    82  ff.o(.text)
    f_getfree                                0x0800f15f   Thumb Code   276  ff.o(.text)
    f_truncate                               0x0800f273   Thumb Code   156  ff.o(.text)
    f_unlink                                 0x0800f30f   Thumb Code   222  ff.o(.text)
    f_mkdir                                  0x0800f3ed   Thumb Code   432  ff.o(.text)
    f_chmod                                  0x0800f59d   Thumb Code   126  ff.o(.text)
    f_utime                                  0x0800f61b   Thumb Code   124  ff.o(.text)
    f_rename                                 0x0800f697   Thumb Code   332  ff.o(.text)
    f_mkfs                                   0x0800f7e3   Thumb Code  1584  ff.o(.text)
    f_gets                                   0x0800fe13   Thumb Code    78  ff.o(.text)
    f_putc                                   0x0800fe61   Thumb Code    38  ff.o(.text)
    f_puts                                   0x0800fe87   Thumb Code    42  ff.o(.text)
    f_printf                                 0x0800feb1   Thumb Code   708  ff.o(.text)
    exfuns_init                              0x08010175   Thumb Code   110  exfuns.o(.text)
    char_upper                               0x080101e3   Thumb Code    26  exfuns.o(.text)
    f_typetell                               0x080101fd   Thumb Code   188  exfuns.o(.text)
    exf_getfree                              0x080102b9   Thumb Code    74  exfuns.o(.text)
    ff_convert                               0x08010319   Thumb Code   146  mycc936.o(.text)
    ff_wtoupper                              0x080103ab   Thumb Code    46  mycc936.o(.text)
    fupd_prog                                0x080103e5   Thumb Code   134  fontupd.o(.text)
    updata_fontx                             0x0801046b   Thumb Code   294  fontupd.o(.text)
    update_font                              0x08010591   Thumb Code   290  fontupd.o(.text)
    font_init                                0x080106b3   Thumb Code    52  fontupd.o(.text)
    Get_HzMat                                0x08010759   Thumb Code   150  text.o(.text)
    Show_Font                                0x080107ef   Thumb Code   244  text.o(.text)
    Show_Str                                 0x080108e3   Thumb Code   192  text.o(.text)
    Show_Str_Mid                             0x080109a3   Thumb Code   106  text.o(.text)
    stdbmp_decode                            0x08010a19   Thumb Code   720  bmp.o(.text)
    minibmp_decode                           0x08010ce9   Thumb Code   940  bmp.o(.text)
    gif_check_head                           0x08011099   Thumb Code    88  gif.o(.text)
    gif_getrgb565                            0x080110f1   Thumb Code    28  gif.o(.text)
    gif_readcolortbl                         0x0801110d   Thumb Code    64  gif.o(.text)
    gif_getinfo                              0x0801114d   Thumb Code    70  gif.o(.text)
    gif_savegctbl                            0x08011193   Thumb Code    38  gif.o(.text)
    gif_recovergctbl                         0x080111b9   Thumb Code    38  gif.o(.text)
    gif_initlzw                              0x080111df   Thumb Code   152  gif.o(.text)
    gif_getdatablock                         0x08011277   Thumb Code    96  gif.o(.text)
    gif_readextension                        0x080112d7   Thumb Code   160  gif.o(.text)
    gif_getnextcode                          0x08011377   Thumb Code   452  gif.o(.text)
    gif_getnextbyte                          0x0801153b   Thumb Code   856  gif.o(.text)
    gif_dispimage                            0x08011893   Thumb Code   544  gif.o(.text)
    gif_clear2bkcolor                        0x08011ab3   Thumb Code   496  gif.o(.text)
    gif_drawimage                            0x08011ca3   Thumb Code   352  gif.o(.text)
    gif_quit                                 0x08011e03   Thumb Code     8  gif.o(.text)
    gif_decode                               0x08011e0b   Thumb Code   306  gif.o(.text)
    piclib_draw_hline                        0x08011f41   Thumb Code    52  piclib.o(.text)
    piclib_init                              0x08011f75   Thumb Code    68  piclib.o(.text)
    piclib_alpha_blend                       0x08011fb9   Thumb Code    42  piclib.o(.text)
    ai_draw_init                             0x08011fe3   Thumb Code   264  piclib.o(.text)
    is_element_ok                            0x080120eb   Thumb Code    36  piclib.o(.text)
    ai_load_picfile                          0x0801210f   Thumb Code   206  piclib.o(.text)
    jd_prepare                               0x08012da5   Thumb Code   924  tjpgd.o(.text)
    jd_decomp                                0x08013141   Thumb Code   162  tjpgd.o(.text)
    jpeg_mallocall                           0x080131e3   Thumb Code    76  tjpgd.o(.text)
    jpeg_freeall                             0x0801322f   Thumb Code    34  tjpgd.o(.text)
    jpeg_in_func                             0x08013251   Thumb Code    48  tjpgd.o(.text)
    jpeg_out_func_fill                       0x08013281   Thumb Code   102  tjpgd.o(.text)
    jpeg_out_func_point                      0x080132e7   Thumb Code   182  tjpgd.o(.text)
    jpg_decode                               0x0801339d   Thumb Code   268  tjpgd.o(.text)
    __use_no_semihosting                     0x080134bd   Thumb Code     2  use_no_semi_2.o(.text)
    __c89vsnprintf                           0x080134c1   Thumb Code    48  c89vsnprintf.o(.text)
    __2printf                                0x080134f5   Thumb Code    20  __2printf.o(.text)
    _printf_str                              0x0801350d   Thumb Code    82  _printf_str.o(.text)
    _printf_int_dec                          0x08013561   Thumb Code   104  _printf_dec.o(.text)
    _printf_longlong_hex                     0x080135d9   Thumb Code    86  _printf_hex_int_ll_ptr.o(.text)
    _printf_int_hex                          0x0801362f   Thumb Code    28  _printf_hex_int_ll_ptr.o(.text)
    _printf_ll_hex                           0x0801364b   Thumb Code    12  _printf_hex_int_ll_ptr.o(.text)
    _printf_hex_ptr                          0x08013657   Thumb Code    18  _printf_hex_int_ll_ptr.o(.text)
    __printf                                 0x0801366d   Thumb Code   388  __printf_flags_ss_wp.o(.text)
    strcpy                                   0x080137f5   Thumb Code    72  strcpy.o(.text)
    strlen                                   0x0801383d   Thumb Code    62  strlen.o(.text)
    strcmp                                   0x0801387d   Thumb Code   128  strcmpv7m.o(.text)
    __use_two_region_memory                  0x080138fd   Thumb Code     2  heapauxi.o(.text)
    __rt_heap_escrow$2region                 0x080138ff   Thumb Code     2  heapauxi.o(.text)
    __rt_heap_expand$2region                 0x08013901   Thumb Code     2  heapauxi.o(.text)
    __I$use$semihosting                      0x08013903   Thumb Code     0  use_no_semi.o(.text)
    __use_no_semihosting_swi                 0x08013903   Thumb Code     2  use_no_semi.o(.text)
    __read_errno                             0x08013905   Thumb Code    10  _rserrno.o(.text)
    __set_errno                              0x0801390f   Thumb Code    12  _rserrno.o(.text)
    _printf_pre_padding                      0x0801391b   Thumb Code    44  _printf_pad.o(.text)
    _printf_post_padding                     0x08013947   Thumb Code    34  _printf_pad.o(.text)
    _printf_truncate_signed                  0x08013969   Thumb Code    18  _printf_truncate.o(.text)
    _printf_truncate_unsigned                0x0801397b   Thumb Code    18  _printf_truncate.o(.text)
    _printf_int_common                       0x0801398d   Thumb Code   178  _printf_intcommon.o(.text)
    _printf_charcount                        0x08013a3f   Thumb Code    40  _printf_charcount.o(.text)
    _printf_char_common                      0x08013a73   Thumb Code    32  _printf_char_common.o(.text)
    _sputc                                   0x08013a99   Thumb Code    10  _sputc.o(.text)
    _snputc                                  0x08013aa3   Thumb Code    16  _snputc.o(.text)
    _printf_cs_common                        0x08013ab3   Thumb Code    20  _printf_char.o(.text)
    _printf_char                             0x08013ac7   Thumb Code    16  _printf_char.o(.text)
    _printf_string                           0x08013ad7   Thumb Code     8  _printf_char.o(.text)
    _printf_char_file                        0x08013ae1   Thumb Code    32  _printf_char_file.o(.text)
    _printf_wctomb                           0x08013b05   Thumb Code   182  _printf_wctomb.o(.text)
    _printf_longlong_dec                     0x08013bc1   Thumb Code   108  _printf_longlong_dec.o(.text)
    _printf_longlong_oct                     0x08013c3d   Thumb Code    66  _printf_oct_int_ll.o(.text)
    _printf_int_oct                          0x08013c7f   Thumb Code    24  _printf_oct_int_ll.o(.text)
    _printf_ll_oct                           0x08013c97   Thumb Code    12  _printf_oct_int_ll.o(.text)
    __aeabi_errno_addr                       0x08013cad   Thumb Code     8  rt_errno_addr_intlibspace.o(.text)
    __errno$intlibspace                      0x08013cad   Thumb Code     0  rt_errno_addr_intlibspace.o(.text)
    __rt_errno_addr$intlibspace              0x08013cad   Thumb Code     0  rt_errno_addr_intlibspace.o(.text)
    _ll_udiv10                               0x08013cb5   Thumb Code   138  lludiv10.o(.text)
    __lib_sel_fp_printf                      0x08013d3f   Thumb Code     2  _printf_fp_dec.o(.text)
    _printf_fp_dec_real                      0x08013ef1   Thumb Code   620  _printf_fp_dec.o(.text)
    _printf_lcs_common                       0x0801415d   Thumb Code    20  _printf_wchar.o(.text)
    _printf_wchar                            0x08014171   Thumb Code    16  _printf_wchar.o(.text)
    _printf_wstring                          0x08014181   Thumb Code     8  _printf_wchar.o(.text)
    ferror                                   0x08014189   Thumb Code     8  ferror.o(.text)
    _wcrtomb                                 0x08014191   Thumb Code    64  _wcrtomb.o(.text)
    __user_libspace                          0x080141d1   Thumb Code     8  libspace.o(.text)
    __user_perproc_libspace                  0x080141d1   Thumb Code     0  libspace.o(.text)
    __user_perthread_libspace                0x080141d1   Thumb Code     0  libspace.o(.text)
    __user_setup_stackheap                   0x080141d9   Thumb Code    74  sys_stackheap_outer.o(.text)
    __rt_ctype_table                         0x08014225   Thumb Code    16  rt_ctype_table.o(.text)
    __rt_locale                              0x08014235   Thumb Code     8  rt_locale_intlibspace.o(.text)
    _printf_fp_infnan                        0x0801423d   Thumb Code   112  _printf_fp_infnan.o(.text)
    _btod_etento                             0x080142bd   Thumb Code   224  bigflt0.o(.text)
    exit                                     0x080143a1   Thumb Code    18  exit.o(.text)
    _btod_d2e                                0x080143b3   Thumb Code    62  btod.o(CL$$btod_d2e)
    _d2e_denorm_low                          0x080143f1   Thumb Code    70  btod.o(CL$$btod_d2e_denorm_low)
    _d2e_norm_op1                            0x08014437   Thumb Code    96  btod.o(CL$$btod_d2e_norm_op1)
    __btod_div_common                        0x08014497   Thumb Code   696  btod.o(CL$$btod_div_common)
    _e2e                                     0x080147cf   Thumb Code   220  btod.o(CL$$btod_e2e)
    _btod_ediv                               0x080148ab   Thumb Code    42  btod.o(CL$$btod_ediv)
    _btod_emul                               0x080148d5   Thumb Code    42  btod.o(CL$$btod_emul)
    __btod_mult_common                       0x080148ff   Thumb Code   580  btod.o(CL$$btod_mult_common)
    __ARM_fpclassify                         0x08014b43   Thumb Code    40  fpclassify.o(i.__ARM_fpclassify)
    _is_digit                                0x08014b6b   Thumb Code    14  __printf_wp.o(i._is_digit)
    sqrt                                     0x08014b79   Thumb Code    76  sqrt.o(i.sqrt)
    _get_lc_numeric                          0x08014bc5   Thumb Code    44  lc_numeric_c.o(locale$$code)
    _get_lc_ctype                            0x08014bf1   Thumb Code    44  lc_ctype_c.o(locale$$code)
    __aeabi_dadd                             0x08014c1d   Thumb Code     0  daddsub_clz.o(x$fpl$dadd)
    _dadd                                    0x08014c1d   Thumb Code   332  daddsub_clz.o(x$fpl$dadd)
    __fpl_dcmp_Inf                           0x08014d6d   Thumb Code    24  dcmpi.o(x$fpl$dcmpinf)
    __aeabi_d2uiz                            0x08014d85   Thumb Code     0  dfixu.o(x$fpl$dfixu)
    _dfixu                                   0x08014d85   Thumb Code    90  dfixu.o(x$fpl$dfixu)
    __aeabi_i2d                              0x08014ddf   Thumb Code     0  dflt_clz.o(x$fpl$dflt)
    _dflt                                    0x08014ddf   Thumb Code    46  dflt_clz.o(x$fpl$dflt)
    __aeabi_ui2d                             0x08014e0d   Thumb Code     0  dflt_clz.o(x$fpl$dfltu)
    _dfltu                                   0x08014e0d   Thumb Code    38  dflt_clz.o(x$fpl$dfltu)
    __aeabi_cdcmple                          0x08014e35   Thumb Code     0  dleqf.o(x$fpl$dleqf)
    _dcmple                                  0x08014e35   Thumb Code   120  dleqf.o(x$fpl$dleqf)
    __fpl_dcmple_InfNaN                      0x08014e97   Thumb Code     0  dleqf.o(x$fpl$dleqf)
    __aeabi_dmul                             0x08014ead   Thumb Code     0  dmul.o(x$fpl$dmul)
    _dmul                                    0x08014ead   Thumb Code   332  dmul.o(x$fpl$dmul)
    __fpl_dnaninf                            0x08015001   Thumb Code   156  dnaninf.o(x$fpl$dnaninf)
    __fpl_dretinf                            0x0801509d   Thumb Code    12  dretinf.o(x$fpl$dretinf)
    __aeabi_cdrcmple                         0x080150a9   Thumb Code     0  drleqf.o(x$fpl$drleqf)
    _drcmple                                 0x080150a9   Thumb Code   108  drleqf.o(x$fpl$drleqf)
    __aeabi_drsub                            0x08015115   Thumb Code     0  daddsub_clz.o(x$fpl$drsb)
    _drsb                                    0x08015115   Thumb Code    22  daddsub_clz.o(x$fpl$drsb)
    _dsqrt                                   0x0801512d   Thumb Code   456  dsqrt_noumaal.o(x$fpl$dsqrt)
    __aeabi_dsub                             0x080152f9   Thumb Code     0  daddsub_clz.o(x$fpl$dsub)
    _dsub                                    0x080152f9   Thumb Code   464  daddsub_clz.o(x$fpl$dsub)
    __aeabi_f2d                              0x080154cd   Thumb Code     0  f2d.o(x$fpl$f2d)
    _f2d                                     0x080154cd   Thumb Code    86  f2d.o(x$fpl$f2d)
    __aeabi_fadd                             0x08015525   Thumb Code     0  faddsub_clz.o(x$fpl$fadd)
    _fadd                                    0x08015525   Thumb Code   196  faddsub_clz.o(x$fpl$fadd)
    __fpl_fcmp_Inf                           0x080155e9   Thumb Code    24  fcmpi.o(x$fpl$fcmpinf)
    __aeabi_fdiv                             0x08015601   Thumb Code     0  fdiv.o(x$fpl$fdiv)
    _fdiv                                    0x08015601   Thumb Code   384  fdiv.o(x$fpl$fdiv)
    __aeabi_cfcmpeq                          0x08015785   Thumb Code     0  feqf.o(x$fpl$feqf)
    _fcmpeq                                  0x08015785   Thumb Code   104  feqf.o(x$fpl$feqf)
    __aeabi_f2iz                             0x080157ed   Thumb Code     0  ffix.o(x$fpl$ffix)
    _ffix                                    0x080157ed   Thumb Code    54  ffix.o(x$fpl$ffix)
    __aeabi_f2uiz                            0x08015825   Thumb Code     0  ffixu.o(x$fpl$ffixu)
    _ffixu                                   0x08015825   Thumb Code    62  ffixu.o(x$fpl$ffixu)
    __aeabi_i2f                              0x08015865   Thumb Code     0  fflt_clz.o(x$fpl$fflt)
    _fflt                                    0x08015865   Thumb Code    48  fflt_clz.o(x$fpl$fflt)
    __aeabi_ui2f                             0x08015895   Thumb Code     0  fflt_clz.o(x$fpl$ffltu)
    _ffltu                                   0x08015895   Thumb Code    38  fflt_clz.o(x$fpl$ffltu)
    __aeabi_cfcmple                          0x080158bd   Thumb Code     0  fleqf.o(x$fpl$fleqf)
    _fcmple                                  0x080158bd   Thumb Code   104  fleqf.o(x$fpl$fleqf)
    __fpl_fcmple_InfNaN                      0x0801590f   Thumb Code     0  fleqf.o(x$fpl$fleqf)
    __aeabi_fmul                             0x08015925   Thumb Code     0  fmul.o(x$fpl$fmul)
    _fmul                                    0x08015925   Thumb Code   258  fmul.o(x$fpl$fmul)
    __fpl_fnaninf                            0x08015a27   Thumb Code   140  fnaninf.o(x$fpl$fnaninf)
    __fpl_fretinf                            0x08015ab3   Thumb Code    10  fretinf.o(x$fpl$fretinf)
    __aeabi_cfrcmple                         0x08015abd   Thumb Code     0  frleqf.o(x$fpl$frleqf)
    _frcmple                                 0x08015abd   Thumb Code    98  frleqf.o(x$fpl$frleqf)
    __aeabi_fsub                             0x08015b21   Thumb Code     0  faddsub_clz.o(x$fpl$fsub)
    _fsub                                    0x08015b21   Thumb Code   234  faddsub_clz.o(x$fpl$fsub)
    _printf_fp_dec                           0x08015c0b   Thumb Code     4  printf1.o(x$fpl$printf1)
    __I$use$fp                               0x08015c0e   Number         0  usenofp.o(x$fpl$usenofp)
    asc2_1206                                0x08015c0e   Data        1140  lcd.o(.constdata)
    asc2_1608                                0x08016082   Data        1520  lcd.o(.constdata)
    table_week                               0x08016672   Data          12  rtc.o(.constdata)
    mon_table                                0x0801667e   Data          12  rtc.o(.constdata)
    OTT_TPX_TBL                              0x0801668a   Data          10  ott2001a.o(.constdata)
    memtblsize                               0x08016694   Data           8  malloc.o(.constdata)
    memblksize                               0x0801669c   Data           8  malloc.o(.constdata)
    memsize                                  0x080166a4   Data           8  malloc.o(.constdata)
    _aMaskTbl                                0x08016aa6   Data          32  gif.o(.constdata)
    _aInterlaceOffset                        0x08016ac6   Data           4  gif.o(.constdata)
    _aInterlaceYPos                          0x08016aca   Data           4  gif.o(.constdata)
    Region$$Table$$Base                      0x080171ec   Number         0  anon$$obj.o(Region$$Table)
    Region$$Table$$Limit                     0x0801720c   Number         0  anon$$obj.o(Region$$Table)
    __ctype                                  0x08017235   Data           0  lc_ctype_c.o(locale$$data)
    stu                                      0x20000000   Data         280  main.o(.data)
    RC522_ID                                 0x20000118   Data           4  main.o(.data)
    RC522_NUM                                0x2000011c   Data           4  main.o(.data)
    RC522_KEY                                0x20000120   Data           6  main.o(.data)
    RC522_return                             0x20000126   Data           1  main.o(.data)
    li                                       0x20000127   Data           1  main.o(.data)
    ptel                                     0x20000128   Data           1  main.o(.data)
    pter                                     0x20000129   Data           1  main.o(.data)
    num2                                     0x2000012a   Data           6  main.o(.data)
    numl                                     0x20000130   Data           6  main.o(.data)
    ye                                       0x20000136   Data           1  main.o(.data)
    Ur                                       0x20000138   Data           4  main.o(.data)
    n_tel                                    0x2000013c   Data           4  main.o(.data)
    s_tel                                    0x20000140   Data           4  main.o(.data)
    duan_xin                                 0x20000144   Data           1  main.o(.data)
    SystemCoreClock                          0x20000148   Data           4  system_stm32f10x.o(.data)
    AHBPrescTable                            0x2000014c   Data          16  system_stm32f10x.o(.data)
    POINT_COLOR                              0x2000015e   Data           2  lcd.o(.data)
    BACK_COLOR                               0x20000160   Data           2  lcd.o(.data)
    SPI_FLASH_TYPE                           0x20000162   Data           2  flash.o(.data)
    SD_Type                                  0x20000164   Data           1  mmc_sd.o(.data)
    tp_dev                                   0x2000016c   Data          52  touch.o(.data)
    CMD_RDX                                  0x200001a0   Data           1  touch.o(.data)
    CMD_RDY                                  0x200001a1   Data           1  touch.o(.data)
    TP_REMIND_MSG_TBL                        0x200001a4   Data           4  touch.o(.data)
    data_e                                   0x200001ac   Data           2  usart.o(.data)
    ress                                     0x200001ae   Data           1  usart.o(.data)
    __stdout                                 0x200001b0   Data           4  usart.o(.data)
    gl_time                                  0x200001b4   Data           2  timer.o(.data)
    mallco_dev                               0x200001cc   Data          28  malloc.o(.data)
    FLASH_SECTOR_COUNT                       0x200001e8   Data           2  diskio.o(.data)
    FILE_TYPE_TBL                            0x200001f8   Data         312  exfuns.o(.data)
    fs                                       0x20000330   Data           8  exfuns.o(.data)
    file                                     0x20000338   Data           4  exfuns.o(.data)
    ftemp                                    0x2000033c   Data           4  exfuns.o(.data)
    br                                       0x20000340   Data           4  exfuns.o(.data)
    bw                                       0x20000344   Data           4  exfuns.o(.data)
    fatbuf                                   0x20000348   Data           4  exfuns.o(.data)
    FONTINFOADDR                             0x2000034c   Data           4  fontupd.o(.data)
    GBK16_SDPATH                             0x20000350   Data           4  fontupd.o(.data)
    GBK12_SDPATH                             0x20000354   Data           4  fontupd.o(.data)
    UNIGBK_SDPATH                            0x20000358   Data           4  fontupd.o(.data)
    GBK16_25QPATH                            0x2000035c   Data           4  fontupd.o(.data)
    GBK12_25QPATH                            0x20000360   Data           4  fontupd.o(.data)
    UNIGBK_25QPATH                           0x20000364   Data           4  fontupd.o(.data)
    gifdecoding                              0x20000368   Data           1  gif.o(.data)
    f_jpeg                                   0x2000036c   Data           4  tjpgd.o(.data)
    jpeg_dev                                 0x20000370   Data           4  tjpgd.o(.data)
    jpg_buffer                               0x20000374   Data           4  tjpgd.o(.data)
    lcddev                                   0x20000378   Data          14  lcd.o(.bss)
    SPI_FLASH_BUF                            0x20000386   Data        4096  flash.o(.bss)
    calendar                                 0x20001386   Data          10  rtc.o(.bss)
    mem1base                                 0x20001390   Data       40960  malloc.o(.bss)
    mem1mapbase                              0x2000b390   Data        2560  malloc.o(.bss)
    ftinfo                                   0x2000bd90   Data          25  fontupd.o(.bss)
    picinfo                                  0x2000bdac   Data          40  piclib.o(.bss)
    pic_phy                                  0x2000bdd4   Data          28  piclib.o(.bss)
    __libspace_start                         0x2000bdf0   Data          96  libspace.o(.bss)
    __temporary_stack_top$libspace           0x2000be50   Data           0  libspace.o(.bss)
    mem2base                                 0x68000000   Data       196608  malloc.o(.ARM.__AT_0x68000000)
    mem2mapbase                              0x68030000   Data       12288  malloc.o(.ARM.__AT_0x68030000)



==============================================================================

Memory Map of the image

  Image Entry point : 0x08000131

  Load Region LR_IROM1 (Base: 0x08000000, Size: 0x000176b0, Max: 0x00080000, ABSOLUTE, COMPRESSED[0x00017470])

    Execution Region ER_IROM1 (Exec base: 0x08000000, Load base: 0x08000000, Size: 0x00017338, Max: 0x00080000, ABSOLUTE)

    Exec Addr    Load Addr    Size         Type   Attr      Idx    E Section Name        Object

    0x08000000   0x08000000   0x00000130   Data   RO          659    RESET               startup_stm32f10x_hd.o
    0x08000130   0x08000130   0x00000008   Code   RO         1133  * !!!main             c_w.l(__main.o)
    0x08000138   0x08000138   0x00000034   Code   RO         1484    !!!scatter          c_w.l(__scatter.o)
    0x0800016c   0x0800016c   0x0000005a   Code   RO         1482    !!dczerorl2         c_w.l(__dczerorl2.o)
    0x080001c6   0x080001c6   0x00000002   PAD
    0x080001c8   0x080001c8   0x0000001c   Code   RO         1486    !!handler_zi        c_w.l(__scatter_zi.o)
    0x080001e4   0x080001e4   0x00000000   Code   RO         1124    .ARM.Collect$$_printf_percent$$00000000  c_w.l(_printf_percent.o)
    0x080001e4   0x080001e4   0x00000006   Code   RO         1233    .ARM.Collect$$_printf_percent$$00000001  c_w.l(_printf_n.o)
    0x080001ea   0x080001ea   0x00000006   Code   RO         1234    .ARM.Collect$$_printf_percent$$00000002  c_w.l(_printf_p.o)
    0x080001f0   0x080001f0   0x00000006   Code   RO         1238    .ARM.Collect$$_printf_percent$$00000003  c_w.l(_printf_f.o)
    0x080001f6   0x080001f6   0x00000006   Code   RO         1239    .ARM.Collect$$_printf_percent$$00000004  c_w.l(_printf_e.o)
    0x080001fc   0x080001fc   0x00000006   Code   RO         1240    .ARM.Collect$$_printf_percent$$00000005  c_w.l(_printf_g.o)
    0x08000202   0x08000202   0x00000006   Code   RO         1241    .ARM.Collect$$_printf_percent$$00000006  c_w.l(_printf_a.o)
    0x08000208   0x08000208   0x0000000a   Code   RO         1246    .ARM.Collect$$_printf_percent$$00000007  c_w.l(_printf_ll.o)
    0x08000212   0x08000212   0x00000006   Code   RO         1236    .ARM.Collect$$_printf_percent$$00000008  c_w.l(_printf_i.o)
    0x08000218   0x08000218   0x00000006   Code   RO         1123    .ARM.Collect$$_printf_percent$$00000009  c_w.l(_printf_d.o)
    0x0800021e   0x0800021e   0x00000006   Code   RO         1237    .ARM.Collect$$_printf_percent$$0000000A  c_w.l(_printf_u.o)
    0x08000224   0x08000224   0x00000006   Code   RO         1235    .ARM.Collect$$_printf_percent$$0000000B  c_w.l(_printf_o.o)
    0x0800022a   0x0800022a   0x00000006   Code   RO         1122    .ARM.Collect$$_printf_percent$$0000000C  c_w.l(_printf_x.o)
    0x08000230   0x08000230   0x00000006   Code   RO         1243    .ARM.Collect$$_printf_percent$$0000000D  c_w.l(_printf_lli.o)
    0x08000236   0x08000236   0x00000006   Code   RO         1244    .ARM.Collect$$_printf_percent$$0000000E  c_w.l(_printf_lld.o)
    0x0800023c   0x0800023c   0x00000006   Code   RO         1245    .ARM.Collect$$_printf_percent$$0000000F  c_w.l(_printf_llu.o)
    0x08000242   0x08000242   0x00000006   Code   RO         1250    .ARM.Collect$$_printf_percent$$00000010  c_w.l(_printf_llo.o)
    0x08000248   0x08000248   0x00000006   Code   RO         1251    .ARM.Collect$$_printf_percent$$00000011  c_w.l(_printf_llx.o)
    0x0800024e   0x0800024e   0x0000000a   Code   RO         1247    .ARM.Collect$$_printf_percent$$00000012  c_w.l(_printf_l.o)
    0x08000258   0x08000258   0x00000006   Code   RO         1120    .ARM.Collect$$_printf_percent$$00000013  c_w.l(_printf_c.o)
    0x0800025e   0x0800025e   0x00000006   Code   RO         1121    .ARM.Collect$$_printf_percent$$00000014  c_w.l(_printf_s.o)
    0x08000264   0x08000264   0x00000006   Code   RO         1248    .ARM.Collect$$_printf_percent$$00000015  c_w.l(_printf_lc.o)
    0x0800026a   0x0800026a   0x00000006   Code   RO         1249    .ARM.Collect$$_printf_percent$$00000016  c_w.l(_printf_ls.o)
    0x08000270   0x08000270   0x00000004   Code   RO         1242    .ARM.Collect$$_printf_percent$$00000017  c_w.l(_printf_percent_end.o)
    0x08000274   0x08000274   0x00000002   Code   RO         1352    .ARM.Collect$$libinit$$00000000  c_w.l(libinit.o)
    0x08000276   0x08000276   0x00000000   Code   RO         1363    .ARM.Collect$$libinit$$00000002  c_w.l(libinit2.o)
    0x08000276   0x08000276   0x00000000   Code   RO         1365    .ARM.Collect$$libinit$$00000004  c_w.l(libinit2.o)
    0x08000276   0x08000276   0x00000000   Code   RO         1368    .ARM.Collect$$libinit$$0000000A  c_w.l(libinit2.o)
    0x08000276   0x08000276   0x00000000   Code   RO         1370    .ARM.Collect$$libinit$$0000000C  c_w.l(libinit2.o)
    0x08000276   0x08000276   0x00000000   Code   RO         1372    .ARM.Collect$$libinit$$0000000E  c_w.l(libinit2.o)
    0x08000276   0x08000276   0x00000006   Code   RO         1373    .ARM.Collect$$libinit$$0000000F  c_w.l(libinit2.o)
    0x0800027c   0x0800027c   0x00000000   Code   RO         1375    .ARM.Collect$$libinit$$00000011  c_w.l(libinit2.o)
    0x0800027c   0x0800027c   0x0000000c   Code   RO         1376    .ARM.Collect$$libinit$$00000012  c_w.l(libinit2.o)
    0x08000288   0x08000288   0x00000000   Code   RO         1377    .ARM.Collect$$libinit$$00000013  c_w.l(libinit2.o)
    0x08000288   0x08000288   0x00000000   Code   RO         1379    .ARM.Collect$$libinit$$00000015  c_w.l(libinit2.o)
    0x08000288   0x08000288   0x0000000a   Code   RO         1380    .ARM.Collect$$libinit$$00000016  c_w.l(libinit2.o)
    0x08000292   0x08000292   0x00000000   Code   RO         1381    .ARM.Collect$$libinit$$00000017  c_w.l(libinit2.o)
    0x08000292   0x08000292   0x00000000   Code   RO         1383    .ARM.Collect$$libinit$$00000019  c_w.l(libinit2.o)
    0x08000292   0x08000292   0x00000000   Code   RO         1385    .ARM.Collect$$libinit$$0000001B  c_w.l(libinit2.o)
    0x08000292   0x08000292   0x00000000   Code   RO         1387    .ARM.Collect$$libinit$$0000001D  c_w.l(libinit2.o)
    0x08000292   0x08000292   0x00000000   Code   RO         1389    .ARM.Collect$$libinit$$0000001F  c_w.l(libinit2.o)
    0x08000292   0x08000292   0x00000000   Code   RO         1391    .ARM.Collect$$libinit$$00000021  c_w.l(libinit2.o)
    0x08000292   0x08000292   0x00000000   Code   RO         1393    .ARM.Collect$$libinit$$00000023  c_w.l(libinit2.o)
    0x08000292   0x08000292   0x00000000   Code   RO         1395    .ARM.Collect$$libinit$$00000025  c_w.l(libinit2.o)
    0x08000292   0x08000292   0x00000000   Code   RO         1399    .ARM.Collect$$libinit$$0000002C  c_w.l(libinit2.o)
    0x08000292   0x08000292   0x00000000   Code   RO         1401    .ARM.Collect$$libinit$$0000002E  c_w.l(libinit2.o)
    0x08000292   0x08000292   0x00000000   Code   RO         1403    .ARM.Collect$$libinit$$00000030  c_w.l(libinit2.o)
    0x08000292   0x08000292   0x00000000   Code   RO         1405    .ARM.Collect$$libinit$$00000032  c_w.l(libinit2.o)
    0x08000292   0x08000292   0x00000002   Code   RO         1406    .ARM.Collect$$libinit$$00000033  c_w.l(libinit2.o)
    0x08000294   0x08000294   0x00000002   Code   RO         1424    .ARM.Collect$$libshutdown$$00000000  c_w.l(libshutdown.o)
    0x08000296   0x08000296   0x00000000   Code   RO         1434    .ARM.Collect$$libshutdown$$00000002  c_w.l(libshutdown2.o)
    0x08000296   0x08000296   0x00000000   Code   RO         1436    .ARM.Collect$$libshutdown$$00000004  c_w.l(libshutdown2.o)
    0x08000296   0x08000296   0x00000000   Code   RO         1439    .ARM.Collect$$libshutdown$$00000007  c_w.l(libshutdown2.o)
    0x08000296   0x08000296   0x00000000   Code   RO         1442    .ARM.Collect$$libshutdown$$0000000A  c_w.l(libshutdown2.o)
    0x08000296   0x08000296   0x00000000   Code   RO         1444    .ARM.Collect$$libshutdown$$0000000C  c_w.l(libshutdown2.o)
    0x08000296   0x08000296   0x00000000   Code   RO         1447    .ARM.Collect$$libshutdown$$0000000F  c_w.l(libshutdown2.o)
    0x08000296   0x08000296   0x00000002   Code   RO         1448    .ARM.Collect$$libshutdown$$00000010  c_w.l(libshutdown2.o)
    0x08000298   0x08000298   0x00000000   Code   RO         1201    .ARM.Collect$$rtentry$$00000000  c_w.l(__rtentry.o)
    0x08000298   0x08000298   0x00000000   Code   RO         1270    .ARM.Collect$$rtentry$$00000002  c_w.l(__rtentry2.o)
    0x08000298   0x08000298   0x00000006   Code   RO         1282    .ARM.Collect$$rtentry$$00000004  c_w.l(__rtentry4.o)
    0x0800029e   0x0800029e   0x00000000   Code   RO         1272    .ARM.Collect$$rtentry$$00000009  c_w.l(__rtentry2.o)
    0x0800029e   0x0800029e   0x00000004   Code   RO         1273    .ARM.Collect$$rtentry$$0000000A  c_w.l(__rtentry2.o)
    0x080002a2   0x080002a2   0x00000000   Code   RO         1275    .ARM.Collect$$rtentry$$0000000C  c_w.l(__rtentry2.o)
    0x080002a2   0x080002a2   0x00000008   Code   RO         1276    .ARM.Collect$$rtentry$$0000000D  c_w.l(__rtentry2.o)
    0x080002aa   0x080002aa   0x00000002   Code   RO         1357    .ARM.Collect$$rtexit$$00000000  c_w.l(rtexit.o)
    0x080002ac   0x080002ac   0x00000000   Code   RO         1408    .ARM.Collect$$rtexit$$00000002  c_w.l(rtexit2.o)
    0x080002ac   0x080002ac   0x00000004   Code   RO         1409    .ARM.Collect$$rtexit$$00000003  c_w.l(rtexit2.o)
    0x080002b0   0x080002b0   0x00000006   Code   RO         1410    .ARM.Collect$$rtexit$$00000004  c_w.l(rtexit2.o)
    0x080002b6   0x080002b6   0x00000002   PAD
    0x080002b8   0x080002b8   0x00001ff0   Code   RO            1    .text               main.o
    0x080022a8   0x080022a8   0x0000001a   Code   RO          170    .text               stm32f10x_it.o
    0x080022c2   0x080022c2   0x00000002   PAD
    0x080022c4   0x080022c4   0x000001e0   Code   RO          220    .text               system_stm32f10x.o
    0x080024a4   0x080024a4   0x0000004c   Code   RO          238    .text               led.o
    0x080024f0   0x080024f0   0x000000fc   Code   RO          273    .text               key.o
    0x080025ec   0x080025ec   0x00004822   Code   RO          292    .text               lcd.o
    0x08006e0e   0x08006e0e   0x00000002   PAD
    0x08006e10   0x08006e10   0x00000108   Code   RO          318    .text               spi.o
    0x08006f18   0x08006f18   0x00000384   Code   RO          337    .text               flash.o
    0x0800729c   0x0800729c   0x00000560   Code   RO          371    .text               mmc_sd.o
    0x080077fc   0x080077fc   0x00000378   Code   RO          389    .text               rtc.o
    0x08007b74   0x08007b74   0x0000002c   Code   RO          418    .text               beep.o
    0x08007ba0   0x08007ba0   0x0000017a   Code   RO          433    .text               24cxx.o
    0x08007d1a   0x08007d1a   0x00000002   PAD
    0x08007d1c   0x08007d1c   0x00000280   Code   RO          451    .text               myiic.o
    0x08007f9c   0x08007f9c   0x00000278   Code   RO          463    .text               ctiic.o
    0x08008214   0x08008214   0x00000368   Code   RO          478    .text               ott2001a.o
    0x0800857c   0x0800857c   0x00000fc0   Code   RO          501    .text               touch.o
    0x0800953c   0x0800953c   0x00000758   Code   RO          528    .text               rc522.o
    0x08009c94   0x08009c94   0x000000ec   Code   RO          543    .text               jidianqi.o
    0x08009d80   0x08009d80   0x000004a8   Code   RO          555    .text               sim900a.o
    0x0800a228   0x0800a228   0x000000d4   Code   RO          580    .text               delay.o
    0x0800a2fc   0x0800a2fc   0x0000000c   Code   RO          594    .text               sys.o
    0x0800a308   0x0800a308   0x00000208   Code   RO          606    .text               usart.o
    0x0800a510   0x0800a510   0x000000a8   Code   RO          628    .text               timer.o
    0x0800a5b8   0x0800a5b8   0x00000040   Code   RO          660    .text               startup_stm32f10x_hd.o
    0x0800a5f8   0x0800a5f8   0x000000dc   Code   RO          664    .text               misc.o
    0x0800a6d4   0x0800a6d4   0x0000060c   Code   RO          676    .text               stm32f10x_fsmc.o
    0x0800ace0   0x0800ace0   0x0000035c   Code   RO          688    .text               stm32f10x_gpio.o
    0x0800b03c   0x0800b03c   0x000003a4   Code   RO          700    .text               stm32f10x_rcc.o
    0x0800b3e0   0x0800b3e0   0x0000030c   Code   RO          714    .text               stm32f10x_spi.o
    0x0800b6ec   0x0800b6ec   0x00000e1a   Code   RO          726    .text               stm32f10x_tim.o
    0x0800c506   0x0800c506   0x00000002   PAD
    0x0800c508   0x0800c508   0x00000408   Code   RO          738    .text               stm32f10x_usart.o
    0x0800c910   0x0800c910   0x000000c4   Code   RO          750    .text               stm32f10x_bkp.o
    0x0800c9d4   0x0800c9d4   0x000000cc   Code   RO          762    .text               stm32f10x_pwr.o
    0x0800caa0   0x0800caa0   0x00000148   Code   RO          774    .text               stm32f10x_rtc.o
    0x0800cbe8   0x0800cbe8   0x00000234   Code   RO          786    .text               malloc.o
    0x0800ce1c   0x0800ce1c   0x00000208   Code   RO          808    .text               diskio.o
    0x0800d024   0x0800d024   0x00003150   Code   RO          841    .text               ff.o
    0x08010174   0x08010174   0x000001a4   Code   RO          862    .text               exfuns.o
    0x08010318   0x08010318   0x000000cc   Code   RO          919    .text               mycc936.o
    0x080103e4   0x080103e4   0x00000374   Code   RO          936    .text               fontupd.o
    0x08010758   0x08010758   0x000002c0   Code   RO          956    .text               text.o
    0x08010a18   0x08010a18   0x00000680   Code   RO          971    .text               bmp.o
    0x08011098   0x08011098   0x00000ea8   Code   RO          997    .text               gif.o
    0x08011f40   0x08011f40   0x000002c4   Code   RO         1016    .text               piclib.o
    0x08012204   0x08012204   0x000012b8   Code   RO         1034    .text               tjpgd.o
    0x080134bc   0x080134bc   0x00000002   Code   RO         1065    .text               c_w.l(use_no_semi_2.o)
    0x080134be   0x080134be   0x00000002   PAD
    0x080134c0   0x080134c0   0x00000034   Code   RO         1067    .text               c_w.l(c89vsnprintf.o)
    0x080134f4   0x080134f4   0x00000018   Code   RO         1069    .text               c_w.l(__2printf.o)
    0x0801350c   0x0801350c   0x00000052   Code   RO         1075    .text               c_w.l(_printf_str.o)
    0x0801355e   0x0801355e   0x00000002   PAD
    0x08013560   0x08013560   0x00000078   Code   RO         1077    .text               c_w.l(_printf_dec.o)
    0x080135d8   0x080135d8   0x00000094   Code   RO         1097    .text               c_w.l(_printf_hex_int_ll_ptr.o)
    0x0801366c   0x0801366c   0x00000188   Code   RO         1117    .text               c_w.l(__printf_flags_ss_wp.o)
    0x080137f4   0x080137f4   0x00000048   Code   RO         1125    .text               c_w.l(strcpy.o)
    0x0801383c   0x0801383c   0x0000003e   Code   RO         1127    .text               c_w.l(strlen.o)
    0x0801387a   0x0801387a   0x00000002   PAD
    0x0801387c   0x0801387c   0x00000080   Code   RO         1129    .text               c_w.l(strcmpv7m.o)
    0x080138fc   0x080138fc   0x00000006   Code   RO         1131    .text               c_w.l(heapauxi.o)
    0x08013902   0x08013902   0x00000002   Code   RO         1199    .text               c_w.l(use_no_semi.o)
    0x08013904   0x08013904   0x00000016   Code   RO         1202    .text               c_w.l(_rserrno.o)
    0x0801391a   0x0801391a   0x0000004e   Code   RO         1204    .text               c_w.l(_printf_pad.o)
    0x08013968   0x08013968   0x00000024   Code   RO         1206    .text               c_w.l(_printf_truncate.o)
    0x0801398c   0x0801398c   0x000000b2   Code   RO         1208    .text               c_w.l(_printf_intcommon.o)
    0x08013a3e   0x08013a3e   0x00000028   Code   RO         1210    .text               c_w.l(_printf_charcount.o)
    0x08013a66   0x08013a66   0x00000002   PAD
    0x08013a68   0x08013a68   0x00000030   Code   RO         1212    .text               c_w.l(_printf_char_common.o)
    0x08013a98   0x08013a98   0x0000000a   Code   RO         1214    .text               c_w.l(_sputc.o)
    0x08013aa2   0x08013aa2   0x00000010   Code   RO         1216    .text               c_w.l(_snputc.o)
    0x08013ab2   0x08013ab2   0x0000002c   Code   RO         1218    .text               c_w.l(_printf_char.o)
    0x08013ade   0x08013ade   0x00000002   PAD
    0x08013ae0   0x08013ae0   0x00000024   Code   RO         1220    .text               c_w.l(_printf_char_file.o)
    0x08013b04   0x08013b04   0x000000bc   Code   RO         1222    .text               c_w.l(_printf_wctomb.o)
    0x08013bc0   0x08013bc0   0x0000007c   Code   RO         1225    .text               c_w.l(_printf_longlong_dec.o)
    0x08013c3c   0x08013c3c   0x00000070   Code   RO         1231    .text               c_w.l(_printf_oct_int_ll.o)
    0x08013cac   0x08013cac   0x00000008   Code   RO         1287    .text               c_w.l(rt_errno_addr_intlibspace.o)
    0x08013cb4   0x08013cb4   0x0000008a   Code   RO         1289    .text               c_w.l(lludiv10.o)
    0x08013d3e   0x08013d3e   0x0000041e   Code   RO         1291    .text               c_w.l(_printf_fp_dec.o)
    0x0801415c   0x0801415c   0x0000002c   Code   RO         1295    .text               c_w.l(_printf_wchar.o)
    0x08014188   0x08014188   0x00000008   Code   RO         1297    .text               c_w.l(ferror.o)
    0x08014190   0x08014190   0x00000040   Code   RO         1301    .text               c_w.l(_wcrtomb.o)
    0x080141d0   0x080141d0   0x00000008   Code   RO         1303    .text               c_w.l(libspace.o)
    0x080141d8   0x080141d8   0x0000004a   Code   RO         1306    .text               c_w.l(sys_stackheap_outer.o)
    0x08014222   0x08014222   0x00000002   PAD
    0x08014224   0x08014224   0x00000010   Code   RO         1308    .text               c_w.l(rt_ctype_table.o)
    0x08014234   0x08014234   0x00000008   Code   RO         1313    .text               c_w.l(rt_locale_intlibspace.o)
    0x0801423c   0x0801423c   0x00000080   Code   RO         1315    .text               c_w.l(_printf_fp_infnan.o)
    0x080142bc   0x080142bc   0x000000e4   Code   RO         1317    .text               c_w.l(bigflt0.o)
    0x080143a0   0x080143a0   0x00000012   Code   RO         1345    .text               c_w.l(exit.o)
    0x080143b2   0x080143b2   0x0000003e   Code   RO         1320    CL$$btod_d2e        c_w.l(btod.o)
    0x080143f0   0x080143f0   0x00000046   Code   RO         1322    CL$$btod_d2e_denorm_low  c_w.l(btod.o)
    0x08014436   0x08014436   0x00000060   Code   RO         1321    CL$$btod_d2e_norm_op1  c_w.l(btod.o)
    0x08014496   0x08014496   0x00000338   Code   RO         1330    CL$$btod_div_common  c_w.l(btod.o)
    0x080147ce   0x080147ce   0x000000dc   Code   RO         1327    CL$$btod_e2e        c_w.l(btod.o)
    0x080148aa   0x080148aa   0x0000002a   Code   RO         1324    CL$$btod_ediv       c_w.l(btod.o)
    0x080148d4   0x080148d4   0x0000002a   Code   RO         1323    CL$$btod_emul       c_w.l(btod.o)
    0x080148fe   0x080148fe   0x00000244   Code   RO         1329    CL$$btod_mult_common  c_w.l(btod.o)
    0x08014b42   0x08014b42   0x00000028   Code   RO         1355    i.__ARM_fpclassify  m_ws.l(fpclassify.o)
    0x08014b6a   0x08014b6a   0x0000000e   Code   RO         1110    i._is_digit         c_w.l(__printf_wp.o)
    0x08014b78   0x08014b78   0x0000004c   Code   RO         1192    i.sqrt              m_ws.l(sqrt.o)
    0x08014bc4   0x08014bc4   0x0000002c   Code   RO         1343    locale$$code        c_w.l(lc_numeric_c.o)
    0x08014bf0   0x08014bf0   0x0000002c   Code   RO         1360    locale$$code        c_w.l(lc_ctype_c.o)
    0x08014c1c   0x08014c1c   0x00000150   Code   RO         1135    x$fpl$dadd          fz_ws.l(daddsub_clz.o)
    0x08014d6c   0x08014d6c   0x00000018   Code   RO         1252    x$fpl$dcmpinf       fz_ws.l(dcmpi.o)
    0x08014d84   0x08014d84   0x0000005a   Code   RO         1141    x$fpl$dfixu         fz_ws.l(dfixu.o)
    0x08014dde   0x08014dde   0x0000002e   Code   RO         1146    x$fpl$dflt          fz_ws.l(dflt_clz.o)
    0x08014e0c   0x08014e0c   0x00000026   Code   RO         1145    x$fpl$dfltu         fz_ws.l(dflt_clz.o)
    0x08014e32   0x08014e32   0x00000002   PAD
    0x08014e34   0x08014e34   0x00000078   Code   RO         1151    x$fpl$dleqf         fz_ws.l(dleqf.o)
    0x08014eac   0x08014eac   0x00000154   Code   RO         1153    x$fpl$dmul          fz_ws.l(dmul.o)
    0x08015000   0x08015000   0x0000009c   Code   RO         1254    x$fpl$dnaninf       fz_ws.l(dnaninf.o)
    0x0801509c   0x0801509c   0x0000000c   Code   RO         1256    x$fpl$dretinf       fz_ws.l(dretinf.o)
    0x080150a8   0x080150a8   0x0000006c   Code   RO         1155    x$fpl$drleqf        fz_ws.l(drleqf.o)
    0x08015114   0x08015114   0x00000016   Code   RO         1136    x$fpl$drsb          fz_ws.l(daddsub_clz.o)
    0x0801512a   0x0801512a   0x00000002   PAD
    0x0801512c   0x0801512c   0x000001cc   Code   RO         1258    x$fpl$dsqrt         fz_ws.l(dsqrt_noumaal.o)
    0x080152f8   0x080152f8   0x000001d4   Code   RO         1137    x$fpl$dsub          fz_ws.l(daddsub_clz.o)
    0x080154cc   0x080154cc   0x00000056   Code   RO         1157    x$fpl$f2d           fz_ws.l(f2d.o)
    0x08015522   0x08015522   0x00000002   PAD
    0x08015524   0x08015524   0x000000c4   Code   RO         1159    x$fpl$fadd          fz_ws.l(faddsub_clz.o)
    0x080155e8   0x080155e8   0x00000018   Code   RO         1260    x$fpl$fcmpinf       fz_ws.l(fcmpi.o)
    0x08015600   0x08015600   0x00000184   Code   RO         1166    x$fpl$fdiv          fz_ws.l(fdiv.o)
    0x08015784   0x08015784   0x00000068   Code   RO         1169    x$fpl$feqf          fz_ws.l(feqf.o)
    0x080157ec   0x080157ec   0x00000036   Code   RO         1171    x$fpl$ffix          fz_ws.l(ffix.o)
    0x08015822   0x08015822   0x00000002   PAD
    0x08015824   0x08015824   0x0000003e   Code   RO         1175    x$fpl$ffixu         fz_ws.l(ffixu.o)
    0x08015862   0x08015862   0x00000002   PAD
    0x08015864   0x08015864   0x00000030   Code   RO         1180    x$fpl$fflt          fz_ws.l(fflt_clz.o)
    0x08015894   0x08015894   0x00000026   Code   RO         1179    x$fpl$ffltu         fz_ws.l(fflt_clz.o)
    0x080158ba   0x080158ba   0x00000002   PAD
    0x080158bc   0x080158bc   0x00000068   Code   RO         1185    x$fpl$fleqf         fz_ws.l(fleqf.o)
    0x08015924   0x08015924   0x00000102   Code   RO         1187    x$fpl$fmul          fz_ws.l(fmul.o)
    0x08015a26   0x08015a26   0x0000008c   Code   RO         1262    x$fpl$fnaninf       fz_ws.l(fnaninf.o)
    0x08015ab2   0x08015ab2   0x0000000a   Code   RO         1264    x$fpl$fretinf       fz_ws.l(fretinf.o)
    0x08015abc   0x08015abc   0x00000062   Code   RO         1189    x$fpl$frleqf        fz_ws.l(frleqf.o)
    0x08015b1e   0x08015b1e   0x00000002   PAD
    0x08015b20   0x08015b20   0x000000ea   Code   RO         1161    x$fpl$fsub          fz_ws.l(faddsub_clz.o)
    0x08015c0a   0x08015c0a   0x00000004   Code   RO         1266    x$fpl$printf1       fz_ws.l(printf1.o)
    0x08015c0e   0x08015c0e   0x00000000   Code   RO         1268    x$fpl$usenofp       fz_ws.l(usenofp.o)
    0x08015c0e   0x08015c0e   0x00000a64   Data   RO          294    .constdata          lcd.o
    0x08016672   0x08016672   0x00000018   Data   RO          391    .constdata          rtc.o
    0x0801668a   0x0801668a   0x0000000a   Data   RO          479    .constdata          ott2001a.o
    0x08016694   0x08016694   0x00000018   Data   RO          790    .constdata          malloc.o
    0x080166ac   0x080166ac   0x0000003a   Data   RO          842    .constdata          ff.o
    0x080166e6   0x080166e6   0x000003c0   Data   RO          920    .constdata          mycc936.o
    0x08016aa6   0x08016aa6   0x00000028   Data   RO          998    .constdata          gif.o
    0x08016ace   0x08016ace   0x000004c0   Data   RO         1035    .constdata          tjpgd.o
    0x08016f8e   0x08016f8e   0x00000028   Data   RO         1098    .constdata          c_w.l(_printf_hex_int_ll_ptr.o)
    0x08016fb6   0x08016fb6   0x00000011   Data   RO         1118    .constdata          c_w.l(__printf_flags_ss_wp.o)
    0x08016fc7   0x08016fc7   0x00000001   PAD
    0x08016fc8   0x08016fc8   0x00000008   Data   RO         1223    .constdata          c_w.l(_printf_wctomb.o)
    0x08016fd0   0x08016fd0   0x00000094   Data   RO         1318    .constdata          c_w.l(bigflt0.o)
    0x08017064   0x08017064   0x00000079   Data   RO          502    .conststring        touch.o
    0x080170dd   0x080170dd   0x00000003   PAD
    0x080170e0   0x080170e0   0x00000064   Data   RO          864    .conststring        exfuns.o
    0x08017144   0x08017144   0x000000a5   Data   RO          938    .conststring        fontupd.o
    0x080171e9   0x080171e9   0x00000003   PAD
    0x080171ec   0x080171ec   0x00000020   Data   RO         1480    Region$$Table       anon$$obj.o
    0x0801720c   0x0801720c   0x0000001c   Data   RO         1342    locale$$data        c_w.l(lc_numeric_c.o)
    0x08017228   0x08017228   0x00000110   Data   RO         1359    locale$$data        c_w.l(lc_ctype_c.o)


    Execution Region RW_IRAM1 (Exec base: 0x20000000, Load base: 0x08017338, Size: 0x0000c450, Max: 0x00010000, ABSOLUTE, COMPRESSED[0x00000138])

    Exec Addr    Load Addr    Size         Type   Attr      Idx    E Section Name        Object

    0x20000000   COMPRESSED   0x00000145   Data   RW            2    .data               main.o
    0x20000145   COMPRESSED   0x00000003   PAD
    0x20000148   COMPRESSED   0x00000014   Data   RW          221    .data               system_stm32f10x.o
    0x2000015c   COMPRESSED   0x00000001   Data   RW          274    .data               key.o
    0x2000015d   COMPRESSED   0x00000001   PAD
    0x2000015e   COMPRESSED   0x00000004   Data   RW          295    .data               lcd.o
    0x20000162   COMPRESSED   0x00000002   Data   RW          339    .data               flash.o
    0x20000164   COMPRESSED   0x00000001   Data   RW          372    .data               mmc_sd.o
    0x20000165   COMPRESSED   0x00000001   PAD
    0x20000166   COMPRESSED   0x00000002   Data   RW          392    .data               rtc.o
    0x20000168   COMPRESSED   0x00000001   Data   RW          480    .data               ott2001a.o
    0x20000169   COMPRESSED   0x00000003   PAD
    0x2000016c   COMPRESSED   0x0000003c   Data   RW          503    .data               touch.o
    0x200001a8   COMPRESSED   0x00000004   Data   RW          581    .data               delay.o
    0x200001ac   COMPRESSED   0x00000008   Data   RW          607    .data               usart.o
    0x200001b4   COMPRESSED   0x00000002   Data   RW          629    .data               timer.o
    0x200001b6   COMPRESSED   0x00000014   Data   RW          701    .data               stm32f10x_rcc.o
    0x200001ca   COMPRESSED   0x00000002   PAD
    0x200001cc   COMPRESSED   0x0000001c   Data   RW          791    .data               malloc.o
    0x200001e8   COMPRESSED   0x00000002   Data   RW          809    .data               diskio.o
    0x200001ea   COMPRESSED   0x00000002   PAD
    0x200001ec   COMPRESSED   0x0000000b   Data   RW          843    .data               ff.o
    0x200001f7   COMPRESSED   0x00000001   PAD
    0x200001f8   COMPRESSED   0x00000154   Data   RW          865    .data               exfuns.o
    0x2000034c   COMPRESSED   0x0000001c   Data   RW          939    .data               fontupd.o
    0x20000368   COMPRESSED   0x00000001   Data   RW          999    .data               gif.o
    0x20000369   COMPRESSED   0x00000003   PAD
    0x2000036c   COMPRESSED   0x0000000c   Data   RW         1036    .data               tjpgd.o
    0x20000378        -       0x0000000e   Zero   RW          293    .bss                lcd.o
    0x20000386        -       0x00001000   Zero   RW          338    .bss                flash.o
    0x20001386        -       0x0000000a   Zero   RW          390    .bss                rtc.o
    0x20001390        -       0x0000aa00   Zero   RW          789    .bss                malloc.o
    0x2000bd90        -       0x00000019   Zero   RW          937    .bss                fontupd.o
    0x2000bda9   COMPRESSED   0x00000003   PAD
    0x2000bdac        -       0x00000044   Zero   RW         1017    .bss                piclib.o
    0x2000bdf0        -       0x00000060   Zero   RW         1304    .bss                c_w.l(libspace.o)
    0x2000be50        -       0x00000200   Zero   RW          658    HEAP                startup_stm32f10x_hd.o
    0x2000c050        -       0x00000400   Zero   RW          657    STACK               startup_stm32f10x_hd.o



  Load Region LR$$.ARM.__AT_0x68000000 (Base: 0x68000000, Size: 0x00000000, Max: 0x00030000, ABSOLUTE)

    Execution Region ER$$.ARM.__AT_0x68000000 (Exec base: 0x68000000, Load base: 0x68000000, Size: 0x00030000, Max: 0x00030000, ABSOLUTE, UNINIT)

    Exec Addr    Load Addr    Size         Type   Attr      Idx    E Section Name        Object

    0x68000000        -       0x00030000   Zero   RW          787    .ARM.__AT_0x68000000  malloc.o



  Load Region LR$$.ARM.__AT_0x68030000 (Base: 0x68030000, Size: 0x00000000, Max: 0x00003000, ABSOLUTE)

    Execution Region ER$$.ARM.__AT_0x68030000 (Exec base: 0x68030000, Load base: 0x68030000, Size: 0x00003000, Max: 0x00003000, ABSOLUTE, UNINIT)

    Exec Addr    Load Addr    Size         Type   Attr      Idx    E Section Name        Object

    0x68030000        -       0x00003000   Zero   RW          788    .ARM.__AT_0x68030000  malloc.o


==============================================================================

Image component sizes


      Code (inc. data)   RO Data    RW Data    ZI Data      Debug   Object Name

       378          0          0          0          0       2802   24cxx.o
        44          4          0          0          0        484   beep.o
      1664         12          0          0          0       5051   bmp.o
         0          0          0          0          0         32   core_cm3.o
       632         26          0          0          0       2045   ctiic.o
       212         18          0          4          0       1035   delay.o
       520         14          0          2          0       4842   diskio.o
       420         22        100        340          0       2652   exfuns.o
     12624        132         58         11          0      35611   ff.o
       900         30          0          2       4096       4517   flash.o
       884        114        165         28         25       3684   fontupd.o
      3752         22         40          1          0      10250   gif.o
       236         18          0          0          0        833   jidianqi.o
       252         12          0          1          0        840   key.o
     18466        142       2660          4         14      22519   lcd.o
        76          8          0          0          0     205263   led.o
      8176       1148          0        325          0     234289   main.o
       564         18         24         28     252416       4656   malloc.o
       220         22          0          0          0       1801   misc.o
      1376         24          0          1          0       5886   mmc_sd.o
       204         12        960          0          0       1605   mycc936.o
       640         14          0          0          0       1880   myiic.o
       872         60         10          1          0       2698   ott2001a.o
       708         40          0          0         68       3976   piclib.o
      1880         32          0          0          0       7243   rc522.o
       888         28         24          2         10       3824   rtc.o
      1192        530          0          0          0       1970   sim900a.o
       264         10          0          0          0       1109   spi.o
        64         26        304          0       1536        784   startup_stm32f10x_hd.o
       196          8          0          0          0       3496   stm32f10x_bkp.o
      1548         18          0          0          0       5375   stm32f10x_fsmc.o
       860         38          0          0          0       5733   stm32f10x_gpio.o
        26          0          0          0          0      59522   stm32f10x_it.o
       204         14          0          0          0       1955   stm32f10x_pwr.o
       932         36          0         20          0       8908   stm32f10x_rcc.o
       328          4          0          0          0       2722   stm32f10x_rtc.o
       780         14          0          0          0       6614   stm32f10x_spi.o
      3610         88          0          0          0      22840   stm32f10x_tim.o
      1032         22          0          0          0       8456   stm32f10x_usart.o
        12          0          0          0          0        449   sys.o
       480         38          0         20          0       1739   system_stm32f10x.o
       704         12          0          0          0       3088   text.o
       168          8          0          2          0        983   timer.o
      4792         70       1216         12          0      17523   tjpgd.o
      4032        210        121         60          0       6729   touch.o
       520         18          0          8          0       4811   usart.o

    ----------------------------------------------------------------------
     78340       3136       5720        888     258168     735124   Object Totals
         0          0         32          0          0          0   (incl. Generated)
         8          0          6         16          3          0   (incl. Padding)

    ----------------------------------------------------------------------

      Code (inc. data)   RO Data    RW Data    ZI Data      Debug   Library Member Name

        24          4          0          0          0         84   __2printf.o
        90          0          0          0          0          0   __dczerorl2.o
         8          0          0          0          0         68   __main.o
       392          4         17          0          0         92   __printf_flags_ss_wp.o
        14          0          0          0          0         68   __printf_wp.o
         0          0          0          0          0          0   __rtentry.o
        12          0          0          0          0          0   __rtentry2.o
         6          0          0          0          0          0   __rtentry4.o
        52          8          0          0          0          0   __scatter.o
        28          0          0          0          0          0   __scatter_zi.o
         6          0          0          0          0          0   _printf_a.o
         6          0          0          0          0          0   _printf_c.o
        44          0          0          0          0        108   _printf_char.o
        48          6          0          0          0         96   _printf_char_common.o
        36          4          0          0          0         80   _printf_char_file.o
        40          0          0          0          0         68   _printf_charcount.o
         6          0          0          0          0          0   _printf_d.o
       120         16          0          0          0         92   _printf_dec.o
         6          0          0          0          0          0   _printf_e.o
         6          0          0          0          0          0   _printf_f.o
      1054          0          0          0          0        216   _printf_fp_dec.o
       128         16          0          0          0         84   _printf_fp_infnan.o
         6          0          0          0          0          0   _printf_g.o
       148          4         40          0          0        160   _printf_hex_int_ll_ptr.o
         6          0          0          0          0          0   _printf_i.o
       178          0          0          0          0         88   _printf_intcommon.o
        10          0          0          0          0          0   _printf_l.o
         6          0          0          0          0          0   _printf_lc.o
        10          0          0          0          0          0   _printf_ll.o
         6          0          0          0          0          0   _printf_lld.o
         6          0          0          0          0          0   _printf_lli.o
         6          0          0          0          0          0   _printf_llo.o
         6          0          0          0          0          0   _printf_llu.o
         6          0          0          0          0          0   _printf_llx.o
       124         16          0          0          0         92   _printf_longlong_dec.o
         6          0          0          0          0          0   _printf_ls.o
         6          0          0          0          0          0   _printf_n.o
         6          0          0          0          0          0   _printf_o.o
       112         10          0          0          0        124   _printf_oct_int_ll.o
         6          0          0          0          0          0   _printf_p.o
        78          0          0          0          0        108   _printf_pad.o
         0          0          0          0          0          0   _printf_percent.o
         4          0          0          0          0          0   _printf_percent_end.o
         6          0          0          0          0          0   _printf_s.o
        82          0          0          0          0         80   _printf_str.o
        36          0          0          0          0         84   _printf_truncate.o
         6          0          0          0          0          0   _printf_u.o
        44          0          0          0          0        108   _printf_wchar.o
       188          6          8          0          0         92   _printf_wctomb.o
         6          0          0          0          0          0   _printf_x.o
        22          0          0          0          0        100   _rserrno.o
        16          0          0          0          0         68   _snputc.o
        10          0          0          0          0         68   _sputc.o
        64          0          0          0          0         92   _wcrtomb.o
       228          4        148          0          0         96   bigflt0.o
      1936        128          0          0          0        672   btod.o
        52          4          0          0          0         80   c89vsnprintf.o
        18          0          0          0          0         80   exit.o
         8          0          0          0          0         68   ferror.o
         6          0          0          0          0        152   heapauxi.o
        44         10        272          0          0         76   lc_ctype_c.o
        44         10         28          0          0         76   lc_numeric_c.o
         2          0          0          0          0          0   libinit.o
        30          0          0          0          0          0   libinit2.o
         2          0          0          0          0          0   libshutdown.o
         2          0          0          0          0          0   libshutdown2.o
         8          4          0          0         96         68   libspace.o
       138          0          0          0          0         80   lludiv10.o
        16          4          0          0          0         76   rt_ctype_table.o
         8          4          0          0          0         68   rt_errno_addr_intlibspace.o
         8          4          0          0          0         68   rt_locale_intlibspace.o
         2          0          0          0          0          0   rtexit.o
        10          0          0          0          0          0   rtexit2.o
       128          0          0          0          0         68   strcmpv7m.o
        72          0          0          0          0         80   strcpy.o
        62          0          0          0          0         76   strlen.o
        74          0          0          0          0         80   sys_stackheap_outer.o
         2          0          0          0          0         68   use_no_semi.o
         2          0          0          0          0         68   use_no_semi_2.o
       826         16          0          0          0        348   daddsub_clz.o
        24          0          0          0          0         68   dcmpi.o
        90          4          0          0          0         92   dfixu.o
        84          0          0          0          0        136   dflt_clz.o
       120          4          0          0          0         92   dleqf.o
       340         12          0          0          0        104   dmul.o
       156          4          0          0          0         92   dnaninf.o
        12          0          0          0          0         68   dretinf.o
       108          0          0          0          0         80   drleqf.o
       460         56          0          0          0        120   dsqrt_noumaal.o
        86          4          0          0          0         84   f2d.o
       430          8          0          0          0        168   faddsub_clz.o
        24          0          0          0          0         68   fcmpi.o
       388         76          0          0          0         96   fdiv.o
       104          4          0          0          0         84   feqf.o
        54          4          0          0          0         84   ffix.o
        62          4          0          0          0         84   ffixu.o
        86          0          0          0          0        136   fflt_clz.o
       104          4          0          0          0         84   fleqf.o
       258          4          0          0          0         84   fmul.o
       140          4          0          0          0         84   fnaninf.o
        10          0          0          0          0         68   fretinf.o
        98          0          0          0          0         68   frleqf.o
         4          0          0          0          0         68   printf1.o
         0          0          0          0          0          0   usenofp.o
        40          0          0          0          0         68   fpclassify.o
        76          0          0          0          0         84   sqrt.o

    ----------------------------------------------------------------------
     10458        474        514          0         96       7032   Library Totals
        30          0          1          0          0          0   (incl. Padding)

    ----------------------------------------------------------------------

      Code (inc. data)   RO Data    RW Data    ZI Data      Debug   Library Name

      6244        266        513          0         96       4420   c_w.l
      4068        208          0          0          0       2460   fz_ws.l
       116          0          0          0          0        152   m_ws.l

    ----------------------------------------------------------------------
     10458        474        514          0         96       7032   Library Totals

    ----------------------------------------------------------------------

==============================================================================


      Code (inc. data)   RO Data    RW Data    ZI Data      Debug   

     88798       3610       6234        888     258264     734196   Grand Totals
     88798       3610       6234        312     258264     734196   ELF Image Totals (compressed)
     88798       3610       6234        312          0          0   ROM Totals

==============================================================================

    Total RO  Size (Code + RO Data)                95032 (  92.80kB)
    Total RW  Size (RW Data + ZI Data)            259152 ( 253.08kB)
    Total ROM Size (Code + RO Data + RW Data)      95344 (  93.11kB)

==============================================================================

